Copyright 1986-2020 Xilinx, Inc. All Rights Reserved.
--------------------------------------------------------------------------------------------------------------------------------------------------------------------------------------
| Tool Version : Vivado v.2020.1 (win64) Build 2902540 Wed May 27 19:54:49 MDT 2020
| Date         : Wed Apr 26 16:53:31 2023
| Host         : LAPTOP-PM3670FV running 64-bit major release  (build 9200)
| Command      : report_methodology -file design_1_wrapper_methodology_drc_routed.rpt -pb design_1_wrapper_methodology_drc_routed.pb -rpx design_1_wrapper_methodology_drc_routed.rpx
| Design       : design_1_wrapper
| Device       : xc7z020clg400-1
| Speed File   : -1
| Design State : Fully Routed
--------------------------------------------------------------------------------------------------------------------------------------------------------------------------------------

Report Methodology

Table of Contents
-----------------
1. REPORT SUMMARY
2. REPORT DETAILS

1. REPORT SUMMARY
-----------------
            Netlist: netlist
          Floorplan: design_1
      Design limits: <entire design considered>
             Max violations: <unlimited>
             Violations found: 198
+-----------+----------+-------------------------------+------------+
| Rule      | Severity | Description                   | Violations |
+-----------+----------+-------------------------------+------------+
| LUTAR-1   | Warning  | LUT drives async reset alert  | 128        |
| TIMING-18 | Warning  | Missing input or output delay | 6          |
| TIMING-20 | Warning  | Non-clocked latch             | 64         |
+-----------+----------+-------------------------------+------------+

2. REPORT DETAILS
-----------------
LUTAR-1#1 Warning
LUT drives async reset alert  
LUT cell design_1_i/LFSR_AXI_64BIT_0/U0/LFSR_AXI_63BIT_v1_0_S00_AXI_inst/LFSR_0/Stages_LFSR_reg[10]_LDC_i_1, with 2 or more inputs, drives asynchronous preset/clear pin(s) design_1_i/LFSR_AXI_64BIT_0/U0/LFSR_AXI_63BIT_v1_0_S00_AXI_inst/LFSR_0/Stages_LFSR_reg[10]_P/PRE. The LUT may glitch and trigger an unexpected reset, even if it is a properly timed path.
Related violations: <none>

LUTAR-1#2 Warning
LUT drives async reset alert  
LUT cell design_1_i/LFSR_AXI_64BIT_0/U0/LFSR_AXI_63BIT_v1_0_S00_AXI_inst/LFSR_0/Stages_LFSR_reg[10]_LDC_i_2, with 2 or more inputs, drives asynchronous preset/clear pin(s) design_1_i/LFSR_AXI_64BIT_0/U0/LFSR_AXI_63BIT_v1_0_S00_AXI_inst/LFSR_0/Stages_LFSR_reg[10]_C/CLR,
design_1_i/LFSR_AXI_64BIT_0/U0/LFSR_AXI_63BIT_v1_0_S00_AXI_inst/LFSR_0/Stages_LFSR_reg[10]_LDC/CLR. The LUT may glitch and trigger an unexpected reset, even if it is a properly timed path.
Related violations: <none>

LUTAR-1#3 Warning
LUT drives async reset alert  
LUT cell design_1_i/LFSR_AXI_64BIT_0/U0/LFSR_AXI_63BIT_v1_0_S00_AXI_inst/LFSR_0/Stages_LFSR_reg[11]_LDC_i_1, with 2 or more inputs, drives asynchronous preset/clear pin(s) design_1_i/LFSR_AXI_64BIT_0/U0/LFSR_AXI_63BIT_v1_0_S00_AXI_inst/LFSR_0/Stages_LFSR_reg[11]_P/PRE. The LUT may glitch and trigger an unexpected reset, even if it is a properly timed path.
Related violations: <none>

LUTAR-1#4 Warning
LUT drives async reset alert  
LUT cell design_1_i/LFSR_AXI_64BIT_0/U0/LFSR_AXI_63BIT_v1_0_S00_AXI_inst/LFSR_0/Stages_LFSR_reg[11]_LDC_i_2, with 2 or more inputs, drives asynchronous preset/clear pin(s) design_1_i/LFSR_AXI_64BIT_0/U0/LFSR_AXI_63BIT_v1_0_S00_AXI_inst/LFSR_0/Stages_LFSR_reg[11]_C/CLR,
design_1_i/LFSR_AXI_64BIT_0/U0/LFSR_AXI_63BIT_v1_0_S00_AXI_inst/LFSR_0/Stages_LFSR_reg[11]_LDC/CLR. The LUT may glitch and trigger an unexpected reset, even if it is a properly timed path.
Related violations: <none>

LUTAR-1#5 Warning
LUT drives async reset alert  
LUT cell design_1_i/LFSR_AXI_64BIT_0/U0/LFSR_AXI_63BIT_v1_0_S00_AXI_inst/LFSR_0/Stages_LFSR_reg[12]_LDC_i_1, with 2 or more inputs, drives asynchronous preset/clear pin(s) design_1_i/LFSR_AXI_64BIT_0/U0/LFSR_AXI_63BIT_v1_0_S00_AXI_inst/LFSR_0/Stages_LFSR_reg[12]_P/PRE. The LUT may glitch and trigger an unexpected reset, even if it is a properly timed path.
Related violations: <none>

LUTAR-1#6 Warning
LUT drives async reset alert  
LUT cell design_1_i/LFSR_AXI_64BIT_0/U0/LFSR_AXI_63BIT_v1_0_S00_AXI_inst/LFSR_0/Stages_LFSR_reg[12]_LDC_i_2, with 2 or more inputs, drives asynchronous preset/clear pin(s) design_1_i/LFSR_AXI_64BIT_0/U0/LFSR_AXI_63BIT_v1_0_S00_AXI_inst/LFSR_0/Stages_LFSR_reg[12]_C/CLR,
design_1_i/LFSR_AXI_64BIT_0/U0/LFSR_AXI_63BIT_v1_0_S00_AXI_inst/LFSR_0/Stages_LFSR_reg[12]_LDC/CLR. The LUT may glitch and trigger an unexpected reset, even if it is a properly timed path.
Related violations: <none>

LUTAR-1#7 Warning
LUT drives async reset alert  
LUT cell design_1_i/LFSR_AXI_64BIT_0/U0/LFSR_AXI_63BIT_v1_0_S00_AXI_inst/LFSR_0/Stages_LFSR_reg[13]_LDC_i_1, with 2 or more inputs, drives asynchronous preset/clear pin(s) design_1_i/LFSR_AXI_64BIT_0/U0/LFSR_AXI_63BIT_v1_0_S00_AXI_inst/LFSR_0/Stages_LFSR_reg[13]_P/PRE. The LUT may glitch and trigger an unexpected reset, even if it is a properly timed path.
Related violations: <none>

LUTAR-1#8 Warning
LUT drives async reset alert  
LUT cell design_1_i/LFSR_AXI_64BIT_0/U0/LFSR_AXI_63BIT_v1_0_S00_AXI_inst/LFSR_0/Stages_LFSR_reg[13]_LDC_i_2, with 2 or more inputs, drives asynchronous preset/clear pin(s) design_1_i/LFSR_AXI_64BIT_0/U0/LFSR_AXI_63BIT_v1_0_S00_AXI_inst/LFSR_0/Stages_LFSR_reg[13]_C/CLR,
design_1_i/LFSR_AXI_64BIT_0/U0/LFSR_AXI_63BIT_v1_0_S00_AXI_inst/LFSR_0/Stages_LFSR_reg[13]_LDC/CLR. The LUT may glitch and trigger an unexpected reset, even if it is a properly timed path.
Related violations: <none>

LUTAR-1#9 Warning
LUT drives async reset alert  
LUT cell design_1_i/LFSR_AXI_64BIT_0/U0/LFSR_AXI_63BIT_v1_0_S00_AXI_inst/LFSR_0/Stages_LFSR_reg[14]_LDC_i_1, with 2 or more inputs, drives asynchronous preset/clear pin(s) design_1_i/LFSR_AXI_64BIT_0/U0/LFSR_AXI_63BIT_v1_0_S00_AXI_inst/LFSR_0/Stages_LFSR_reg[14]_P/PRE. The LUT may glitch and trigger an unexpected reset, even if it is a properly timed path.
Related violations: <none>

LUTAR-1#10 Warning
LUT drives async reset alert  
LUT cell design_1_i/LFSR_AXI_64BIT_0/U0/LFSR_AXI_63BIT_v1_0_S00_AXI_inst/LFSR_0/Stages_LFSR_reg[14]_LDC_i_2, with 2 or more inputs, drives asynchronous preset/clear pin(s) design_1_i/LFSR_AXI_64BIT_0/U0/LFSR_AXI_63BIT_v1_0_S00_AXI_inst/LFSR_0/Stages_LFSR_reg[14]_C/CLR,
design_1_i/LFSR_AXI_64BIT_0/U0/LFSR_AXI_63BIT_v1_0_S00_AXI_inst/LFSR_0/Stages_LFSR_reg[14]_LDC/CLR. The LUT may glitch and trigger an unexpected reset, even if it is a properly timed path.
Related violations: <none>

LUTAR-1#11 Warning
LUT drives async reset alert  
LUT cell design_1_i/LFSR_AXI_64BIT_0/U0/LFSR_AXI_63BIT_v1_0_S00_AXI_inst/LFSR_0/Stages_LFSR_reg[15]_LDC_i_1, with 2 or more inputs, drives asynchronous preset/clear pin(s) design_1_i/LFSR_AXI_64BIT_0/U0/LFSR_AXI_63BIT_v1_0_S00_AXI_inst/LFSR_0/Stages_LFSR_reg[15]_P/PRE. The LUT may glitch and trigger an unexpected reset, even if it is a properly timed path.
Related violations: <none>

LUTAR-1#12 Warning
LUT drives async reset alert  
LUT cell design_1_i/LFSR_AXI_64BIT_0/U0/LFSR_AXI_63BIT_v1_0_S00_AXI_inst/LFSR_0/Stages_LFSR_reg[15]_LDC_i_2, with 2 or more inputs, drives asynchronous preset/clear pin(s) design_1_i/LFSR_AXI_64BIT_0/U0/LFSR_AXI_63BIT_v1_0_S00_AXI_inst/LFSR_0/Stages_LFSR_reg[15]_C/CLR,
design_1_i/LFSR_AXI_64BIT_0/U0/LFSR_AXI_63BIT_v1_0_S00_AXI_inst/LFSR_0/Stages_LFSR_reg[15]_LDC/CLR. The LUT may glitch and trigger an unexpected reset, even if it is a properly timed path.
Related violations: <none>

LUTAR-1#13 Warning
LUT drives async reset alert  
LUT cell design_1_i/LFSR_AXI_64BIT_0/U0/LFSR_AXI_63BIT_v1_0_S00_AXI_inst/LFSR_0/Stages_LFSR_reg[16]_LDC_i_1, with 2 or more inputs, drives asynchronous preset/clear pin(s) design_1_i/LFSR_AXI_64BIT_0/U0/LFSR_AXI_63BIT_v1_0_S00_AXI_inst/LFSR_0/Stages_LFSR_reg[16]_P/PRE. The LUT may glitch and trigger an unexpected reset, even if it is a properly timed path.
Related violations: <none>

LUTAR-1#14 Warning
LUT drives async reset alert  
LUT cell design_1_i/LFSR_AXI_64BIT_0/U0/LFSR_AXI_63BIT_v1_0_S00_AXI_inst/LFSR_0/Stages_LFSR_reg[16]_LDC_i_2, with 2 or more inputs, drives asynchronous preset/clear pin(s) design_1_i/LFSR_AXI_64BIT_0/U0/LFSR_AXI_63BIT_v1_0_S00_AXI_inst/LFSR_0/Stages_LFSR_reg[16]_C/CLR,
design_1_i/LFSR_AXI_64BIT_0/U0/LFSR_AXI_63BIT_v1_0_S00_AXI_inst/LFSR_0/Stages_LFSR_reg[16]_LDC/CLR. The LUT may glitch and trigger an unexpected reset, even if it is a properly timed path.
Related violations: <none>

LUTAR-1#15 Warning
LUT drives async reset alert  
LUT cell design_1_i/LFSR_AXI_64BIT_0/U0/LFSR_AXI_63BIT_v1_0_S00_AXI_inst/LFSR_0/Stages_LFSR_reg[17]_LDC_i_1, with 2 or more inputs, drives asynchronous preset/clear pin(s) design_1_i/LFSR_AXI_64BIT_0/U0/LFSR_AXI_63BIT_v1_0_S00_AXI_inst/LFSR_0/Stages_LFSR_reg[17]_P/PRE. The LUT may glitch and trigger an unexpected reset, even if it is a properly timed path.
Related violations: <none>

LUTAR-1#16 Warning
LUT drives async reset alert  
LUT cell design_1_i/LFSR_AXI_64BIT_0/U0/LFSR_AXI_63BIT_v1_0_S00_AXI_inst/LFSR_0/Stages_LFSR_reg[17]_LDC_i_2, with 2 or more inputs, drives asynchronous preset/clear pin(s) design_1_i/LFSR_AXI_64BIT_0/U0/LFSR_AXI_63BIT_v1_0_S00_AXI_inst/LFSR_0/Stages_LFSR_reg[17]_C/CLR,
design_1_i/LFSR_AXI_64BIT_0/U0/LFSR_AXI_63BIT_v1_0_S00_AXI_inst/LFSR_0/Stages_LFSR_reg[17]_LDC/CLR. The LUT may glitch and trigger an unexpected reset, even if it is a properly timed path.
Related violations: <none>

LUTAR-1#17 Warning
LUT drives async reset alert  
LUT cell design_1_i/LFSR_AXI_64BIT_0/U0/LFSR_AXI_63BIT_v1_0_S00_AXI_inst/LFSR_0/Stages_LFSR_reg[18]_LDC_i_1, with 2 or more inputs, drives asynchronous preset/clear pin(s) design_1_i/LFSR_AXI_64BIT_0/U0/LFSR_AXI_63BIT_v1_0_S00_AXI_inst/LFSR_0/Stages_LFSR_reg[18]_P/PRE. The LUT may glitch and trigger an unexpected reset, even if it is a properly timed path.
Related violations: <none>

LUTAR-1#18 Warning
LUT drives async reset alert  
LUT cell design_1_i/LFSR_AXI_64BIT_0/U0/LFSR_AXI_63BIT_v1_0_S00_AXI_inst/LFSR_0/Stages_LFSR_reg[18]_LDC_i_2, with 2 or more inputs, drives asynchronous preset/clear pin(s) design_1_i/LFSR_AXI_64BIT_0/U0/LFSR_AXI_63BIT_v1_0_S00_AXI_inst/LFSR_0/Stages_LFSR_reg[18]_C/CLR,
design_1_i/LFSR_AXI_64BIT_0/U0/LFSR_AXI_63BIT_v1_0_S00_AXI_inst/LFSR_0/Stages_LFSR_reg[18]_LDC/CLR. The LUT may glitch and trigger an unexpected reset, even if it is a properly timed path.
Related violations: <none>

LUTAR-1#19 Warning
LUT drives async reset alert  
LUT cell design_1_i/LFSR_AXI_64BIT_0/U0/LFSR_AXI_63BIT_v1_0_S00_AXI_inst/LFSR_0/Stages_LFSR_reg[19]_LDC_i_1, with 2 or more inputs, drives asynchronous preset/clear pin(s) design_1_i/LFSR_AXI_64BIT_0/U0/LFSR_AXI_63BIT_v1_0_S00_AXI_inst/LFSR_0/Stages_LFSR_reg[19]_P/PRE. The LUT may glitch and trigger an unexpected reset, even if it is a properly timed path.
Related violations: <none>

LUTAR-1#20 Warning
LUT drives async reset alert  
LUT cell design_1_i/LFSR_AXI_64BIT_0/U0/LFSR_AXI_63BIT_v1_0_S00_AXI_inst/LFSR_0/Stages_LFSR_reg[19]_LDC_i_2, with 2 or more inputs, drives asynchronous preset/clear pin(s) design_1_i/LFSR_AXI_64BIT_0/U0/LFSR_AXI_63BIT_v1_0_S00_AXI_inst/LFSR_0/Stages_LFSR_reg[19]_C/CLR,
design_1_i/LFSR_AXI_64BIT_0/U0/LFSR_AXI_63BIT_v1_0_S00_AXI_inst/LFSR_0/Stages_LFSR_reg[19]_LDC/CLR. The LUT may glitch and trigger an unexpected reset, even if it is a properly timed path.
Related violations: <none>

LUTAR-1#21 Warning
LUT drives async reset alert  
LUT cell design_1_i/LFSR_AXI_64BIT_0/U0/LFSR_AXI_63BIT_v1_0_S00_AXI_inst/LFSR_0/Stages_LFSR_reg[1]_LDC_i_1, with 2 or more inputs, drives asynchronous preset/clear pin(s) design_1_i/LFSR_AXI_64BIT_0/U0/LFSR_AXI_63BIT_v1_0_S00_AXI_inst/LFSR_0/Stages_LFSR_reg[1]_P/PRE. The LUT may glitch and trigger an unexpected reset, even if it is a properly timed path.
Related violations: <none>

LUTAR-1#22 Warning
LUT drives async reset alert  
LUT cell design_1_i/LFSR_AXI_64BIT_0/U0/LFSR_AXI_63BIT_v1_0_S00_AXI_inst/LFSR_0/Stages_LFSR_reg[1]_LDC_i_2, with 2 or more inputs, drives asynchronous preset/clear pin(s) design_1_i/LFSR_AXI_64BIT_0/U0/LFSR_AXI_63BIT_v1_0_S00_AXI_inst/LFSR_0/Stages_LFSR_reg[1]_C/CLR,
design_1_i/LFSR_AXI_64BIT_0/U0/LFSR_AXI_63BIT_v1_0_S00_AXI_inst/LFSR_0/Stages_LFSR_reg[1]_LDC/CLR. The LUT may glitch and trigger an unexpected reset, even if it is a properly timed path.
Related violations: <none>

LUTAR-1#23 Warning
LUT drives async reset alert  
LUT cell design_1_i/LFSR_AXI_64BIT_0/U0/LFSR_AXI_63BIT_v1_0_S00_AXI_inst/LFSR_0/Stages_LFSR_reg[20]_LDC_i_1, with 2 or more inputs, drives asynchronous preset/clear pin(s) design_1_i/LFSR_AXI_64BIT_0/U0/LFSR_AXI_63BIT_v1_0_S00_AXI_inst/LFSR_0/Stages_LFSR_reg[20]_P/PRE. The LUT may glitch and trigger an unexpected reset, even if it is a properly timed path.
Related violations: <none>

LUTAR-1#24 Warning
LUT drives async reset alert  
LUT cell design_1_i/LFSR_AXI_64BIT_0/U0/LFSR_AXI_63BIT_v1_0_S00_AXI_inst/LFSR_0/Stages_LFSR_reg[20]_LDC_i_2, with 2 or more inputs, drives asynchronous preset/clear pin(s) design_1_i/LFSR_AXI_64BIT_0/U0/LFSR_AXI_63BIT_v1_0_S00_AXI_inst/LFSR_0/Stages_LFSR_reg[20]_C/CLR,
design_1_i/LFSR_AXI_64BIT_0/U0/LFSR_AXI_63BIT_v1_0_S00_AXI_inst/LFSR_0/Stages_LFSR_reg[20]_LDC/CLR. The LUT may glitch and trigger an unexpected reset, even if it is a properly timed path.
Related violations: <none>

LUTAR-1#25 Warning
LUT drives async reset alert  
LUT cell design_1_i/LFSR_AXI_64BIT_0/U0/LFSR_AXI_63BIT_v1_0_S00_AXI_inst/LFSR_0/Stages_LFSR_reg[21]_LDC_i_1, with 2 or more inputs, drives asynchronous preset/clear pin(s) design_1_i/LFSR_AXI_64BIT_0/U0/LFSR_AXI_63BIT_v1_0_S00_AXI_inst/LFSR_0/Stages_LFSR_reg[21]_P/PRE. The LUT may glitch and trigger an unexpected reset, even if it is a properly timed path.
Related violations: <none>

LUTAR-1#26 Warning
LUT drives async reset alert  
LUT cell design_1_i/LFSR_AXI_64BIT_0/U0/LFSR_AXI_63BIT_v1_0_S00_AXI_inst/LFSR_0/Stages_LFSR_reg[21]_LDC_i_2, with 2 or more inputs, drives asynchronous preset/clear pin(s) design_1_i/LFSR_AXI_64BIT_0/U0/LFSR_AXI_63BIT_v1_0_S00_AXI_inst/LFSR_0/Stages_LFSR_reg[21]_C/CLR,
design_1_i/LFSR_AXI_64BIT_0/U0/LFSR_AXI_63BIT_v1_0_S00_AXI_inst/LFSR_0/Stages_LFSR_reg[21]_LDC/CLR. The LUT may glitch and trigger an unexpected reset, even if it is a properly timed path.
Related violations: <none>

LUTAR-1#27 Warning
LUT drives async reset alert  
LUT cell design_1_i/LFSR_AXI_64BIT_0/U0/LFSR_AXI_63BIT_v1_0_S00_AXI_inst/LFSR_0/Stages_LFSR_reg[22]_LDC_i_1, with 2 or more inputs, drives asynchronous preset/clear pin(s) design_1_i/LFSR_AXI_64BIT_0/U0/LFSR_AXI_63BIT_v1_0_S00_AXI_inst/LFSR_0/Stages_LFSR_reg[22]_P/PRE. The LUT may glitch and trigger an unexpected reset, even if it is a properly timed path.
Related violations: <none>

LUTAR-1#28 Warning
LUT drives async reset alert  
LUT cell design_1_i/LFSR_AXI_64BIT_0/U0/LFSR_AXI_63BIT_v1_0_S00_AXI_inst/LFSR_0/Stages_LFSR_reg[22]_LDC_i_2, with 2 or more inputs, drives asynchronous preset/clear pin(s) design_1_i/LFSR_AXI_64BIT_0/U0/LFSR_AXI_63BIT_v1_0_S00_AXI_inst/LFSR_0/Stages_LFSR_reg[22]_C/CLR,
design_1_i/LFSR_AXI_64BIT_0/U0/LFSR_AXI_63BIT_v1_0_S00_AXI_inst/LFSR_0/Stages_LFSR_reg[22]_LDC/CLR. The LUT may glitch and trigger an unexpected reset, even if it is a properly timed path.
Related violations: <none>

LUTAR-1#29 Warning
LUT drives async reset alert  
LUT cell design_1_i/LFSR_AXI_64BIT_0/U0/LFSR_AXI_63BIT_v1_0_S00_AXI_inst/LFSR_0/Stages_LFSR_reg[23]_LDC_i_1, with 2 or more inputs, drives asynchronous preset/clear pin(s) design_1_i/LFSR_AXI_64BIT_0/U0/LFSR_AXI_63BIT_v1_0_S00_AXI_inst/LFSR_0/Stages_LFSR_reg[23]_P/PRE. The LUT may glitch and trigger an unexpected reset, even if it is a properly timed path.
Related violations: <none>

LUTAR-1#30 Warning
LUT drives async reset alert  
LUT cell design_1_i/LFSR_AXI_64BIT_0/U0/LFSR_AXI_63BIT_v1_0_S00_AXI_inst/LFSR_0/Stages_LFSR_reg[23]_LDC_i_2, with 2 or more inputs, drives asynchronous preset/clear pin(s) design_1_i/LFSR_AXI_64BIT_0/U0/LFSR_AXI_63BIT_v1_0_S00_AXI_inst/LFSR_0/Stages_LFSR_reg[23]_C/CLR,
design_1_i/LFSR_AXI_64BIT_0/U0/LFSR_AXI_63BIT_v1_0_S00_AXI_inst/LFSR_0/Stages_LFSR_reg[23]_LDC/CLR. The LUT may glitch and trigger an unexpected reset, even if it is a properly timed path.
Related violations: <none>

LUTAR-1#31 Warning
LUT drives async reset alert  
LUT cell design_1_i/LFSR_AXI_64BIT_0/U0/LFSR_AXI_63BIT_v1_0_S00_AXI_inst/LFSR_0/Stages_LFSR_reg[24]_LDC_i_1, with 2 or more inputs, drives asynchronous preset/clear pin(s) design_1_i/LFSR_AXI_64BIT_0/U0/LFSR_AXI_63BIT_v1_0_S00_AXI_inst/LFSR_0/Stages_LFSR_reg[24]_P/PRE. The LUT may glitch and trigger an unexpected reset, even if it is a properly timed path.
Related violations: <none>

LUTAR-1#32 Warning
LUT drives async reset alert  
LUT cell design_1_i/LFSR_AXI_64BIT_0/U0/LFSR_AXI_63BIT_v1_0_S00_AXI_inst/LFSR_0/Stages_LFSR_reg[24]_LDC_i_2, with 2 or more inputs, drives asynchronous preset/clear pin(s) design_1_i/LFSR_AXI_64BIT_0/U0/LFSR_AXI_63BIT_v1_0_S00_AXI_inst/LFSR_0/Stages_LFSR_reg[24]_C/CLR,
design_1_i/LFSR_AXI_64BIT_0/U0/LFSR_AXI_63BIT_v1_0_S00_AXI_inst/LFSR_0/Stages_LFSR_reg[24]_LDC/CLR. The LUT may glitch and trigger an unexpected reset, even if it is a properly timed path.
Related violations: <none>

LUTAR-1#33 Warning
LUT drives async reset alert  
LUT cell design_1_i/LFSR_AXI_64BIT_0/U0/LFSR_AXI_63BIT_v1_0_S00_AXI_inst/LFSR_0/Stages_LFSR_reg[25]_LDC_i_1, with 2 or more inputs, drives asynchronous preset/clear pin(s) design_1_i/LFSR_AXI_64BIT_0/U0/LFSR_AXI_63BIT_v1_0_S00_AXI_inst/LFSR_0/Stages_LFSR_reg[25]_P/PRE. The LUT may glitch and trigger an unexpected reset, even if it is a properly timed path.
Related violations: <none>

LUTAR-1#34 Warning
LUT drives async reset alert  
LUT cell design_1_i/LFSR_AXI_64BIT_0/U0/LFSR_AXI_63BIT_v1_0_S00_AXI_inst/LFSR_0/Stages_LFSR_reg[25]_LDC_i_2, with 2 or more inputs, drives asynchronous preset/clear pin(s) design_1_i/LFSR_AXI_64BIT_0/U0/LFSR_AXI_63BIT_v1_0_S00_AXI_inst/LFSR_0/Stages_LFSR_reg[25]_C/CLR,
design_1_i/LFSR_AXI_64BIT_0/U0/LFSR_AXI_63BIT_v1_0_S00_AXI_inst/LFSR_0/Stages_LFSR_reg[25]_LDC/CLR. The LUT may glitch and trigger an unexpected reset, even if it is a properly timed path.
Related violations: <none>

LUTAR-1#35 Warning
LUT drives async reset alert  
LUT cell design_1_i/LFSR_AXI_64BIT_0/U0/LFSR_AXI_63BIT_v1_0_S00_AXI_inst/LFSR_0/Stages_LFSR_reg[26]_LDC_i_1, with 2 or more inputs, drives asynchronous preset/clear pin(s) design_1_i/LFSR_AXI_64BIT_0/U0/LFSR_AXI_63BIT_v1_0_S00_AXI_inst/LFSR_0/Stages_LFSR_reg[26]_P/PRE. The LUT may glitch and trigger an unexpected reset, even if it is a properly timed path.
Related violations: <none>

LUTAR-1#36 Warning
LUT drives async reset alert  
LUT cell design_1_i/LFSR_AXI_64BIT_0/U0/LFSR_AXI_63BIT_v1_0_S00_AXI_inst/LFSR_0/Stages_LFSR_reg[26]_LDC_i_2, with 2 or more inputs, drives asynchronous preset/clear pin(s) design_1_i/LFSR_AXI_64BIT_0/U0/LFSR_AXI_63BIT_v1_0_S00_AXI_inst/LFSR_0/Stages_LFSR_reg[26]_C/CLR,
design_1_i/LFSR_AXI_64BIT_0/U0/LFSR_AXI_63BIT_v1_0_S00_AXI_inst/LFSR_0/Stages_LFSR_reg[26]_LDC/CLR. The LUT may glitch and trigger an unexpected reset, even if it is a properly timed path.
Related violations: <none>

LUTAR-1#37 Warning
LUT drives async reset alert  
LUT cell design_1_i/LFSR_AXI_64BIT_0/U0/LFSR_AXI_63BIT_v1_0_S00_AXI_inst/LFSR_0/Stages_LFSR_reg[27]_LDC_i_1, with 2 or more inputs, drives asynchronous preset/clear pin(s) design_1_i/LFSR_AXI_64BIT_0/U0/LFSR_AXI_63BIT_v1_0_S00_AXI_inst/LFSR_0/Stages_LFSR_reg[27]_P/PRE. The LUT may glitch and trigger an unexpected reset, even if it is a properly timed path.
Related violations: <none>

LUTAR-1#38 Warning
LUT drives async reset alert  
LUT cell design_1_i/LFSR_AXI_64BIT_0/U0/LFSR_AXI_63BIT_v1_0_S00_AXI_inst/LFSR_0/Stages_LFSR_reg[27]_LDC_i_2, with 2 or more inputs, drives asynchronous preset/clear pin(s) design_1_i/LFSR_AXI_64BIT_0/U0/LFSR_AXI_63BIT_v1_0_S00_AXI_inst/LFSR_0/Stages_LFSR_reg[27]_C/CLR,
design_1_i/LFSR_AXI_64BIT_0/U0/LFSR_AXI_63BIT_v1_0_S00_AXI_inst/LFSR_0/Stages_LFSR_reg[27]_LDC/CLR. The LUT may glitch and trigger an unexpected reset, even if it is a properly timed path.
Related violations: <none>

LUTAR-1#39 Warning
LUT drives async reset alert  
LUT cell design_1_i/LFSR_AXI_64BIT_0/U0/LFSR_AXI_63BIT_v1_0_S00_AXI_inst/LFSR_0/Stages_LFSR_reg[28]_LDC_i_1, with 2 or more inputs, drives asynchronous preset/clear pin(s) design_1_i/LFSR_AXI_64BIT_0/U0/LFSR_AXI_63BIT_v1_0_S00_AXI_inst/LFSR_0/Stages_LFSR_reg[28]_P/PRE. The LUT may glitch and trigger an unexpected reset, even if it is a properly timed path.
Related violations: <none>

LUTAR-1#40 Warning
LUT drives async reset alert  
LUT cell design_1_i/LFSR_AXI_64BIT_0/U0/LFSR_AXI_63BIT_v1_0_S00_AXI_inst/LFSR_0/Stages_LFSR_reg[28]_LDC_i_2, with 2 or more inputs, drives asynchronous preset/clear pin(s) design_1_i/LFSR_AXI_64BIT_0/U0/LFSR_AXI_63BIT_v1_0_S00_AXI_inst/LFSR_0/Stages_LFSR_reg[28]_C/CLR,
design_1_i/LFSR_AXI_64BIT_0/U0/LFSR_AXI_63BIT_v1_0_S00_AXI_inst/LFSR_0/Stages_LFSR_reg[28]_LDC/CLR. The LUT may glitch and trigger an unexpected reset, even if it is a properly timed path.
Related violations: <none>

LUTAR-1#41 Warning
LUT drives async reset alert  
LUT cell design_1_i/LFSR_AXI_64BIT_0/U0/LFSR_AXI_63BIT_v1_0_S00_AXI_inst/LFSR_0/Stages_LFSR_reg[29]_LDC_i_1, with 2 or more inputs, drives asynchronous preset/clear pin(s) design_1_i/LFSR_AXI_64BIT_0/U0/LFSR_AXI_63BIT_v1_0_S00_AXI_inst/LFSR_0/Stages_LFSR_reg[29]_P/PRE. The LUT may glitch and trigger an unexpected reset, even if it is a properly timed path.
Related violations: <none>

LUTAR-1#42 Warning
LUT drives async reset alert  
LUT cell design_1_i/LFSR_AXI_64BIT_0/U0/LFSR_AXI_63BIT_v1_0_S00_AXI_inst/LFSR_0/Stages_LFSR_reg[29]_LDC_i_2, with 2 or more inputs, drives asynchronous preset/clear pin(s) design_1_i/LFSR_AXI_64BIT_0/U0/LFSR_AXI_63BIT_v1_0_S00_AXI_inst/LFSR_0/Stages_LFSR_reg[29]_C/CLR,
design_1_i/LFSR_AXI_64BIT_0/U0/LFSR_AXI_63BIT_v1_0_S00_AXI_inst/LFSR_0/Stages_LFSR_reg[29]_LDC/CLR. The LUT may glitch and trigger an unexpected reset, even if it is a properly timed path.
Related violations: <none>

LUTAR-1#43 Warning
LUT drives async reset alert  
LUT cell design_1_i/LFSR_AXI_64BIT_0/U0/LFSR_AXI_63BIT_v1_0_S00_AXI_inst/LFSR_0/Stages_LFSR_reg[2]_LDC_i_1, with 2 or more inputs, drives asynchronous preset/clear pin(s) design_1_i/LFSR_AXI_64BIT_0/U0/LFSR_AXI_63BIT_v1_0_S00_AXI_inst/LFSR_0/Stages_LFSR_reg[2]_P/PRE. The LUT may glitch and trigger an unexpected reset, even if it is a properly timed path.
Related violations: <none>

LUTAR-1#44 Warning
LUT drives async reset alert  
LUT cell design_1_i/LFSR_AXI_64BIT_0/U0/LFSR_AXI_63BIT_v1_0_S00_AXI_inst/LFSR_0/Stages_LFSR_reg[2]_LDC_i_2, with 2 or more inputs, drives asynchronous preset/clear pin(s) design_1_i/LFSR_AXI_64BIT_0/U0/LFSR_AXI_63BIT_v1_0_S00_AXI_inst/LFSR_0/Stages_LFSR_reg[2]_C/CLR,
design_1_i/LFSR_AXI_64BIT_0/U0/LFSR_AXI_63BIT_v1_0_S00_AXI_inst/LFSR_0/Stages_LFSR_reg[2]_LDC/CLR. The LUT may glitch and trigger an unexpected reset, even if it is a properly timed path.
Related violations: <none>

LUTAR-1#45 Warning
LUT drives async reset alert  
LUT cell design_1_i/LFSR_AXI_64BIT_0/U0/LFSR_AXI_63BIT_v1_0_S00_AXI_inst/LFSR_0/Stages_LFSR_reg[30]_LDC_i_1, with 2 or more inputs, drives asynchronous preset/clear pin(s) design_1_i/LFSR_AXI_64BIT_0/U0/LFSR_AXI_63BIT_v1_0_S00_AXI_inst/LFSR_0/Stages_LFSR_reg[30]_P/PRE. The LUT may glitch and trigger an unexpected reset, even if it is a properly timed path.
Related violations: <none>

LUTAR-1#46 Warning
LUT drives async reset alert  
LUT cell design_1_i/LFSR_AXI_64BIT_0/U0/LFSR_AXI_63BIT_v1_0_S00_AXI_inst/LFSR_0/Stages_LFSR_reg[30]_LDC_i_2, with 2 or more inputs, drives asynchronous preset/clear pin(s) design_1_i/LFSR_AXI_64BIT_0/U0/LFSR_AXI_63BIT_v1_0_S00_AXI_inst/LFSR_0/Stages_LFSR_reg[30]_C/CLR,
design_1_i/LFSR_AXI_64BIT_0/U0/LFSR_AXI_63BIT_v1_0_S00_AXI_inst/LFSR_0/Stages_LFSR_reg[30]_LDC/CLR. The LUT may glitch and trigger an unexpected reset, even if it is a properly timed path.
Related violations: <none>

LUTAR-1#47 Warning
LUT drives async reset alert  
LUT cell design_1_i/LFSR_AXI_64BIT_0/U0/LFSR_AXI_63BIT_v1_0_S00_AXI_inst/LFSR_0/Stages_LFSR_reg[31]_LDC_i_1, with 2 or more inputs, drives asynchronous preset/clear pin(s) design_1_i/LFSR_AXI_64BIT_0/U0/LFSR_AXI_63BIT_v1_0_S00_AXI_inst/LFSR_0/Stages_LFSR_reg[31]_P/PRE. The LUT may glitch and trigger an unexpected reset, even if it is a properly timed path.
Related violations: <none>

LUTAR-1#48 Warning
LUT drives async reset alert  
LUT cell design_1_i/LFSR_AXI_64BIT_0/U0/LFSR_AXI_63BIT_v1_0_S00_AXI_inst/LFSR_0/Stages_LFSR_reg[31]_LDC_i_2, with 2 or more inputs, drives asynchronous preset/clear pin(s) design_1_i/LFSR_AXI_64BIT_0/U0/LFSR_AXI_63BIT_v1_0_S00_AXI_inst/LFSR_0/Stages_LFSR_reg[31]_C/CLR,
design_1_i/LFSR_AXI_64BIT_0/U0/LFSR_AXI_63BIT_v1_0_S00_AXI_inst/LFSR_0/Stages_LFSR_reg[31]_LDC/CLR. The LUT may glitch and trigger an unexpected reset, even if it is a properly timed path.
Related violations: <none>

LUTAR-1#49 Warning
LUT drives async reset alert  
LUT cell design_1_i/LFSR_AXI_64BIT_0/U0/LFSR_AXI_63BIT_v1_0_S00_AXI_inst/LFSR_0/Stages_LFSR_reg[32]_LDC_i_1, with 2 or more inputs, drives asynchronous preset/clear pin(s) design_1_i/LFSR_AXI_64BIT_0/U0/LFSR_AXI_63BIT_v1_0_S00_AXI_inst/LFSR_0/Stages_LFSR_reg[32]_P/PRE. The LUT may glitch and trigger an unexpected reset, even if it is a properly timed path.
Related violations: <none>

LUTAR-1#50 Warning
LUT drives async reset alert  
LUT cell design_1_i/LFSR_AXI_64BIT_0/U0/LFSR_AXI_63BIT_v1_0_S00_AXI_inst/LFSR_0/Stages_LFSR_reg[32]_LDC_i_2, with 2 or more inputs, drives asynchronous preset/clear pin(s) design_1_i/LFSR_AXI_64BIT_0/U0/LFSR_AXI_63BIT_v1_0_S00_AXI_inst/LFSR_0/Stages_LFSR_reg[32]_C/CLR,
design_1_i/LFSR_AXI_64BIT_0/U0/LFSR_AXI_63BIT_v1_0_S00_AXI_inst/LFSR_0/Stages_LFSR_reg[32]_LDC/CLR. The LUT may glitch and trigger an unexpected reset, even if it is a properly timed path.
Related violations: <none>

LUTAR-1#51 Warning
LUT drives async reset alert  
LUT cell design_1_i/LFSR_AXI_64BIT_0/U0/LFSR_AXI_63BIT_v1_0_S00_AXI_inst/LFSR_0/Stages_LFSR_reg[33]_LDC_i_1, with 2 or more inputs, drives asynchronous preset/clear pin(s) design_1_i/LFSR_AXI_64BIT_0/U0/LFSR_AXI_63BIT_v1_0_S00_AXI_inst/LFSR_0/Stages_LFSR_reg[33]_P/PRE. The LUT may glitch and trigger an unexpected reset, even if it is a properly timed path.
Related violations: <none>

LUTAR-1#52 Warning
LUT drives async reset alert  
LUT cell design_1_i/LFSR_AXI_64BIT_0/U0/LFSR_AXI_63BIT_v1_0_S00_AXI_inst/LFSR_0/Stages_LFSR_reg[33]_LDC_i_2, with 2 or more inputs, drives asynchronous preset/clear pin(s) design_1_i/LFSR_AXI_64BIT_0/U0/LFSR_AXI_63BIT_v1_0_S00_AXI_inst/LFSR_0/Stages_LFSR_reg[33]_C/CLR,
design_1_i/LFSR_AXI_64BIT_0/U0/LFSR_AXI_63BIT_v1_0_S00_AXI_inst/LFSR_0/Stages_LFSR_reg[33]_LDC/CLR. The LUT may glitch and trigger an unexpected reset, even if it is a properly timed path.
Related violations: <none>

LUTAR-1#53 Warning
LUT drives async reset alert  
LUT cell design_1_i/LFSR_AXI_64BIT_0/U0/LFSR_AXI_63BIT_v1_0_S00_AXI_inst/LFSR_0/Stages_LFSR_reg[34]_LDC_i_1, with 2 or more inputs, drives asynchronous preset/clear pin(s) design_1_i/LFSR_AXI_64BIT_0/U0/LFSR_AXI_63BIT_v1_0_S00_AXI_inst/LFSR_0/Stages_LFSR_reg[34]_P/PRE. The LUT may glitch and trigger an unexpected reset, even if it is a properly timed path.
Related violations: <none>

LUTAR-1#54 Warning
LUT drives async reset alert  
LUT cell design_1_i/LFSR_AXI_64BIT_0/U0/LFSR_AXI_63BIT_v1_0_S00_AXI_inst/LFSR_0/Stages_LFSR_reg[34]_LDC_i_2, with 2 or more inputs, drives asynchronous preset/clear pin(s) design_1_i/LFSR_AXI_64BIT_0/U0/LFSR_AXI_63BIT_v1_0_S00_AXI_inst/LFSR_0/Stages_LFSR_reg[34]_C/CLR,
design_1_i/LFSR_AXI_64BIT_0/U0/LFSR_AXI_63BIT_v1_0_S00_AXI_inst/LFSR_0/Stages_LFSR_reg[34]_LDC/CLR. The LUT may glitch and trigger an unexpected reset, even if it is a properly timed path.
Related violations: <none>

LUTAR-1#55 Warning
LUT drives async reset alert  
LUT cell design_1_i/LFSR_AXI_64BIT_0/U0/LFSR_AXI_63BIT_v1_0_S00_AXI_inst/LFSR_0/Stages_LFSR_reg[35]_LDC_i_1, with 2 or more inputs, drives asynchronous preset/clear pin(s) design_1_i/LFSR_AXI_64BIT_0/U0/LFSR_AXI_63BIT_v1_0_S00_AXI_inst/LFSR_0/Stages_LFSR_reg[35]_P/PRE. The LUT may glitch and trigger an unexpected reset, even if it is a properly timed path.
Related violations: <none>

LUTAR-1#56 Warning
LUT drives async reset alert  
LUT cell design_1_i/LFSR_AXI_64BIT_0/U0/LFSR_AXI_63BIT_v1_0_S00_AXI_inst/LFSR_0/Stages_LFSR_reg[35]_LDC_i_2, with 2 or more inputs, drives asynchronous preset/clear pin(s) design_1_i/LFSR_AXI_64BIT_0/U0/LFSR_AXI_63BIT_v1_0_S00_AXI_inst/LFSR_0/Stages_LFSR_reg[35]_C/CLR,
design_1_i/LFSR_AXI_64BIT_0/U0/LFSR_AXI_63BIT_v1_0_S00_AXI_inst/LFSR_0/Stages_LFSR_reg[35]_LDC/CLR. The LUT may glitch and trigger an unexpected reset, even if it is a properly timed path.
Related violations: <none>

LUTAR-1#57 Warning
LUT drives async reset alert  
LUT cell design_1_i/LFSR_AXI_64BIT_0/U0/LFSR_AXI_63BIT_v1_0_S00_AXI_inst/LFSR_0/Stages_LFSR_reg[36]_LDC_i_1, with 2 or more inputs, drives asynchronous preset/clear pin(s) design_1_i/LFSR_AXI_64BIT_0/U0/LFSR_AXI_63BIT_v1_0_S00_AXI_inst/LFSR_0/Stages_LFSR_reg[36]_P/PRE. The LUT may glitch and trigger an unexpected reset, even if it is a properly timed path.
Related violations: <none>

LUTAR-1#58 Warning
LUT drives async reset alert  
LUT cell design_1_i/LFSR_AXI_64BIT_0/U0/LFSR_AXI_63BIT_v1_0_S00_AXI_inst/LFSR_0/Stages_LFSR_reg[36]_LDC_i_2, with 2 or more inputs, drives asynchronous preset/clear pin(s) design_1_i/LFSR_AXI_64BIT_0/U0/LFSR_AXI_63BIT_v1_0_S00_AXI_inst/LFSR_0/Stages_LFSR_reg[36]_C/CLR,
design_1_i/LFSR_AXI_64BIT_0/U0/LFSR_AXI_63BIT_v1_0_S00_AXI_inst/LFSR_0/Stages_LFSR_reg[36]_LDC/CLR. The LUT may glitch and trigger an unexpected reset, even if it is a properly timed path.
Related violations: <none>

LUTAR-1#59 Warning
LUT drives async reset alert  
LUT cell design_1_i/LFSR_AXI_64BIT_0/U0/LFSR_AXI_63BIT_v1_0_S00_AXI_inst/LFSR_0/Stages_LFSR_reg[37]_LDC_i_1, with 2 or more inputs, drives asynchronous preset/clear pin(s) design_1_i/LFSR_AXI_64BIT_0/U0/LFSR_AXI_63BIT_v1_0_S00_AXI_inst/LFSR_0/Stages_LFSR_reg[37]_P/PRE. The LUT may glitch and trigger an unexpected reset, even if it is a properly timed path.
Related violations: <none>

LUTAR-1#60 Warning
LUT drives async reset alert  
LUT cell design_1_i/LFSR_AXI_64BIT_0/U0/LFSR_AXI_63BIT_v1_0_S00_AXI_inst/LFSR_0/Stages_LFSR_reg[37]_LDC_i_2, with 2 or more inputs, drives asynchronous preset/clear pin(s) design_1_i/LFSR_AXI_64BIT_0/U0/LFSR_AXI_63BIT_v1_0_S00_AXI_inst/LFSR_0/Stages_LFSR_reg[37]_C/CLR,
design_1_i/LFSR_AXI_64BIT_0/U0/LFSR_AXI_63BIT_v1_0_S00_AXI_inst/LFSR_0/Stages_LFSR_reg[37]_LDC/CLR. The LUT may glitch and trigger an unexpected reset, even if it is a properly timed path.
Related violations: <none>

LUTAR-1#61 Warning
LUT drives async reset alert  
LUT cell design_1_i/LFSR_AXI_64BIT_0/U0/LFSR_AXI_63BIT_v1_0_S00_AXI_inst/LFSR_0/Stages_LFSR_reg[38]_LDC_i_1, with 2 or more inputs, drives asynchronous preset/clear pin(s) design_1_i/LFSR_AXI_64BIT_0/U0/LFSR_AXI_63BIT_v1_0_S00_AXI_inst/LFSR_0/Stages_LFSR_reg[38]_P/PRE. The LUT may glitch and trigger an unexpected reset, even if it is a properly timed path.
Related violations: <none>

LUTAR-1#62 Warning
LUT drives async reset alert  
LUT cell design_1_i/LFSR_AXI_64BIT_0/U0/LFSR_AXI_63BIT_v1_0_S00_AXI_inst/LFSR_0/Stages_LFSR_reg[38]_LDC_i_2, with 2 or more inputs, drives asynchronous preset/clear pin(s) design_1_i/LFSR_AXI_64BIT_0/U0/LFSR_AXI_63BIT_v1_0_S00_AXI_inst/LFSR_0/Stages_LFSR_reg[38]_C/CLR,
design_1_i/LFSR_AXI_64BIT_0/U0/LFSR_AXI_63BIT_v1_0_S00_AXI_inst/LFSR_0/Stages_LFSR_reg[38]_LDC/CLR. The LUT may glitch and trigger an unexpected reset, even if it is a properly timed path.
Related violations: <none>

LUTAR-1#63 Warning
LUT drives async reset alert  
LUT cell design_1_i/LFSR_AXI_64BIT_0/U0/LFSR_AXI_63BIT_v1_0_S00_AXI_inst/LFSR_0/Stages_LFSR_reg[39]_LDC_i_1, with 2 or more inputs, drives asynchronous preset/clear pin(s) design_1_i/LFSR_AXI_64BIT_0/U0/LFSR_AXI_63BIT_v1_0_S00_AXI_inst/LFSR_0/Stages_LFSR_reg[39]_P/PRE. The LUT may glitch and trigger an unexpected reset, even if it is a properly timed path.
Related violations: <none>

LUTAR-1#64 Warning
LUT drives async reset alert  
LUT cell design_1_i/LFSR_AXI_64BIT_0/U0/LFSR_AXI_63BIT_v1_0_S00_AXI_inst/LFSR_0/Stages_LFSR_reg[39]_LDC_i_2, with 2 or more inputs, drives asynchronous preset/clear pin(s) design_1_i/LFSR_AXI_64BIT_0/U0/LFSR_AXI_63BIT_v1_0_S00_AXI_inst/LFSR_0/Stages_LFSR_reg[39]_C/CLR,
design_1_i/LFSR_AXI_64BIT_0/U0/LFSR_AXI_63BIT_v1_0_S00_AXI_inst/LFSR_0/Stages_LFSR_reg[39]_LDC/CLR. The LUT may glitch and trigger an unexpected reset, even if it is a properly timed path.
Related violations: <none>

LUTAR-1#65 Warning
LUT drives async reset alert  
LUT cell design_1_i/LFSR_AXI_64BIT_0/U0/LFSR_AXI_63BIT_v1_0_S00_AXI_inst/LFSR_0/Stages_LFSR_reg[3]_LDC_i_1, with 2 or more inputs, drives asynchronous preset/clear pin(s) design_1_i/LFSR_AXI_64BIT_0/U0/LFSR_AXI_63BIT_v1_0_S00_AXI_inst/LFSR_0/Stages_LFSR_reg[3]_P/PRE. The LUT may glitch and trigger an unexpected reset, even if it is a properly timed path.
Related violations: <none>

LUTAR-1#66 Warning
LUT drives async reset alert  
LUT cell design_1_i/LFSR_AXI_64BIT_0/U0/LFSR_AXI_63BIT_v1_0_S00_AXI_inst/LFSR_0/Stages_LFSR_reg[3]_LDC_i_2, with 2 or more inputs, drives asynchronous preset/clear pin(s) design_1_i/LFSR_AXI_64BIT_0/U0/LFSR_AXI_63BIT_v1_0_S00_AXI_inst/LFSR_0/Stages_LFSR_reg[3]_C/CLR,
design_1_i/LFSR_AXI_64BIT_0/U0/LFSR_AXI_63BIT_v1_0_S00_AXI_inst/LFSR_0/Stages_LFSR_reg[3]_LDC/CLR. The LUT may glitch and trigger an unexpected reset, even if it is a properly timed path.
Related violations: <none>

LUTAR-1#67 Warning
LUT drives async reset alert  
LUT cell design_1_i/LFSR_AXI_64BIT_0/U0/LFSR_AXI_63BIT_v1_0_S00_AXI_inst/LFSR_0/Stages_LFSR_reg[40]_LDC_i_1, with 2 or more inputs, drives asynchronous preset/clear pin(s) design_1_i/LFSR_AXI_64BIT_0/U0/LFSR_AXI_63BIT_v1_0_S00_AXI_inst/LFSR_0/Stages_LFSR_reg[40]_P/PRE. The LUT may glitch and trigger an unexpected reset, even if it is a properly timed path.
Related violations: <none>

LUTAR-1#68 Warning
LUT drives async reset alert  
LUT cell design_1_i/LFSR_AXI_64BIT_0/U0/LFSR_AXI_63BIT_v1_0_S00_AXI_inst/LFSR_0/Stages_LFSR_reg[40]_LDC_i_2, with 2 or more inputs, drives asynchronous preset/clear pin(s) design_1_i/LFSR_AXI_64BIT_0/U0/LFSR_AXI_63BIT_v1_0_S00_AXI_inst/LFSR_0/Stages_LFSR_reg[40]_C/CLR,
design_1_i/LFSR_AXI_64BIT_0/U0/LFSR_AXI_63BIT_v1_0_S00_AXI_inst/LFSR_0/Stages_LFSR_reg[40]_LDC/CLR. The LUT may glitch and trigger an unexpected reset, even if it is a properly timed path.
Related violations: <none>

LUTAR-1#69 Warning
LUT drives async reset alert  
LUT cell design_1_i/LFSR_AXI_64BIT_0/U0/LFSR_AXI_63BIT_v1_0_S00_AXI_inst/LFSR_0/Stages_LFSR_reg[41]_LDC_i_1, with 2 or more inputs, drives asynchronous preset/clear pin(s) design_1_i/LFSR_AXI_64BIT_0/U0/LFSR_AXI_63BIT_v1_0_S00_AXI_inst/LFSR_0/Stages_LFSR_reg[41]_P/PRE. The LUT may glitch and trigger an unexpected reset, even if it is a properly timed path.
Related violations: <none>

LUTAR-1#70 Warning
LUT drives async reset alert  
LUT cell design_1_i/LFSR_AXI_64BIT_0/U0/LFSR_AXI_63BIT_v1_0_S00_AXI_inst/LFSR_0/Stages_LFSR_reg[41]_LDC_i_2, with 2 or more inputs, drives asynchronous preset/clear pin(s) design_1_i/LFSR_AXI_64BIT_0/U0/LFSR_AXI_63BIT_v1_0_S00_AXI_inst/LFSR_0/Stages_LFSR_reg[41]_C/CLR,
design_1_i/LFSR_AXI_64BIT_0/U0/LFSR_AXI_63BIT_v1_0_S00_AXI_inst/LFSR_0/Stages_LFSR_reg[41]_LDC/CLR. The LUT may glitch and trigger an unexpected reset, even if it is a properly timed path.
Related violations: <none>

LUTAR-1#71 Warning
LUT drives async reset alert  
LUT cell design_1_i/LFSR_AXI_64BIT_0/U0/LFSR_AXI_63BIT_v1_0_S00_AXI_inst/LFSR_0/Stages_LFSR_reg[42]_LDC_i_1, with 2 or more inputs, drives asynchronous preset/clear pin(s) design_1_i/LFSR_AXI_64BIT_0/U0/LFSR_AXI_63BIT_v1_0_S00_AXI_inst/LFSR_0/Stages_LFSR_reg[42]_P/PRE. The LUT may glitch and trigger an unexpected reset, even if it is a properly timed path.
Related violations: <none>

LUTAR-1#72 Warning
LUT drives async reset alert  
LUT cell design_1_i/LFSR_AXI_64BIT_0/U0/LFSR_AXI_63BIT_v1_0_S00_AXI_inst/LFSR_0/Stages_LFSR_reg[42]_LDC_i_2, with 2 or more inputs, drives asynchronous preset/clear pin(s) design_1_i/LFSR_AXI_64BIT_0/U0/LFSR_AXI_63BIT_v1_0_S00_AXI_inst/LFSR_0/Stages_LFSR_reg[42]_C/CLR,
design_1_i/LFSR_AXI_64BIT_0/U0/LFSR_AXI_63BIT_v1_0_S00_AXI_inst/LFSR_0/Stages_LFSR_reg[42]_LDC/CLR. The LUT may glitch and trigger an unexpected reset, even if it is a properly timed path.
Related violations: <none>

LUTAR-1#73 Warning
LUT drives async reset alert  
LUT cell design_1_i/LFSR_AXI_64BIT_0/U0/LFSR_AXI_63BIT_v1_0_S00_AXI_inst/LFSR_0/Stages_LFSR_reg[43]_LDC_i_1, with 2 or more inputs, drives asynchronous preset/clear pin(s) design_1_i/LFSR_AXI_64BIT_0/U0/LFSR_AXI_63BIT_v1_0_S00_AXI_inst/LFSR_0/Stages_LFSR_reg[43]_P/PRE. The LUT may glitch and trigger an unexpected reset, even if it is a properly timed path.
Related violations: <none>

LUTAR-1#74 Warning
LUT drives async reset alert  
LUT cell design_1_i/LFSR_AXI_64BIT_0/U0/LFSR_AXI_63BIT_v1_0_S00_AXI_inst/LFSR_0/Stages_LFSR_reg[43]_LDC_i_2, with 2 or more inputs, drives asynchronous preset/clear pin(s) design_1_i/LFSR_AXI_64BIT_0/U0/LFSR_AXI_63BIT_v1_0_S00_AXI_inst/LFSR_0/Stages_LFSR_reg[43]_C/CLR,
design_1_i/LFSR_AXI_64BIT_0/U0/LFSR_AXI_63BIT_v1_0_S00_AXI_inst/LFSR_0/Stages_LFSR_reg[43]_LDC/CLR. The LUT may glitch and trigger an unexpected reset, even if it is a properly timed path.
Related violations: <none>

LUTAR-1#75 Warning
LUT drives async reset alert  
LUT cell design_1_i/LFSR_AXI_64BIT_0/U0/LFSR_AXI_63BIT_v1_0_S00_AXI_inst/LFSR_0/Stages_LFSR_reg[44]_LDC_i_1, with 2 or more inputs, drives asynchronous preset/clear pin(s) design_1_i/LFSR_AXI_64BIT_0/U0/LFSR_AXI_63BIT_v1_0_S00_AXI_inst/LFSR_0/Stages_LFSR_reg[44]_P/PRE. The LUT may glitch and trigger an unexpected reset, even if it is a properly timed path.
Related violations: <none>

LUTAR-1#76 Warning
LUT drives async reset alert  
LUT cell design_1_i/LFSR_AXI_64BIT_0/U0/LFSR_AXI_63BIT_v1_0_S00_AXI_inst/LFSR_0/Stages_LFSR_reg[44]_LDC_i_2, with 2 or more inputs, drives asynchronous preset/clear pin(s) design_1_i/LFSR_AXI_64BIT_0/U0/LFSR_AXI_63BIT_v1_0_S00_AXI_inst/LFSR_0/Stages_LFSR_reg[44]_C/CLR,
design_1_i/LFSR_AXI_64BIT_0/U0/LFSR_AXI_63BIT_v1_0_S00_AXI_inst/LFSR_0/Stages_LFSR_reg[44]_LDC/CLR. The LUT may glitch and trigger an unexpected reset, even if it is a properly timed path.
Related violations: <none>

LUTAR-1#77 Warning
LUT drives async reset alert  
LUT cell design_1_i/LFSR_AXI_64BIT_0/U0/LFSR_AXI_63BIT_v1_0_S00_AXI_inst/LFSR_0/Stages_LFSR_reg[45]_LDC_i_1, with 2 or more inputs, drives asynchronous preset/clear pin(s) design_1_i/LFSR_AXI_64BIT_0/U0/LFSR_AXI_63BIT_v1_0_S00_AXI_inst/LFSR_0/Stages_LFSR_reg[45]_P/PRE. The LUT may glitch and trigger an unexpected reset, even if it is a properly timed path.
Related violations: <none>

LUTAR-1#78 Warning
LUT drives async reset alert  
LUT cell design_1_i/LFSR_AXI_64BIT_0/U0/LFSR_AXI_63BIT_v1_0_S00_AXI_inst/LFSR_0/Stages_LFSR_reg[45]_LDC_i_2, with 2 or more inputs, drives asynchronous preset/clear pin(s) design_1_i/LFSR_AXI_64BIT_0/U0/LFSR_AXI_63BIT_v1_0_S00_AXI_inst/LFSR_0/Stages_LFSR_reg[45]_C/CLR,
design_1_i/LFSR_AXI_64BIT_0/U0/LFSR_AXI_63BIT_v1_0_S00_AXI_inst/LFSR_0/Stages_LFSR_reg[45]_LDC/CLR. The LUT may glitch and trigger an unexpected reset, even if it is a properly timed path.
Related violations: <none>

LUTAR-1#79 Warning
LUT drives async reset alert  
LUT cell design_1_i/LFSR_AXI_64BIT_0/U0/LFSR_AXI_63BIT_v1_0_S00_AXI_inst/LFSR_0/Stages_LFSR_reg[46]_LDC_i_1, with 2 or more inputs, drives asynchronous preset/clear pin(s) design_1_i/LFSR_AXI_64BIT_0/U0/LFSR_AXI_63BIT_v1_0_S00_AXI_inst/LFSR_0/Stages_LFSR_reg[46]_P/PRE. The LUT may glitch and trigger an unexpected reset, even if it is a properly timed path.
Related violations: <none>

LUTAR-1#80 Warning
LUT drives async reset alert  
LUT cell design_1_i/LFSR_AXI_64BIT_0/U0/LFSR_AXI_63BIT_v1_0_S00_AXI_inst/LFSR_0/Stages_LFSR_reg[46]_LDC_i_2, with 2 or more inputs, drives asynchronous preset/clear pin(s) design_1_i/LFSR_AXI_64BIT_0/U0/LFSR_AXI_63BIT_v1_0_S00_AXI_inst/LFSR_0/Stages_LFSR_reg[46]_C/CLR,
design_1_i/LFSR_AXI_64BIT_0/U0/LFSR_AXI_63BIT_v1_0_S00_AXI_inst/LFSR_0/Stages_LFSR_reg[46]_LDC/CLR. The LUT may glitch and trigger an unexpected reset, even if it is a properly timed path.
Related violations: <none>

LUTAR-1#81 Warning
LUT drives async reset alert  
LUT cell design_1_i/LFSR_AXI_64BIT_0/U0/LFSR_AXI_63BIT_v1_0_S00_AXI_inst/LFSR_0/Stages_LFSR_reg[47]_LDC_i_1, with 2 or more inputs, drives asynchronous preset/clear pin(s) design_1_i/LFSR_AXI_64BIT_0/U0/LFSR_AXI_63BIT_v1_0_S00_AXI_inst/LFSR_0/Stages_LFSR_reg[47]_P/PRE. The LUT may glitch and trigger an unexpected reset, even if it is a properly timed path.
Related violations: <none>

LUTAR-1#82 Warning
LUT drives async reset alert  
LUT cell design_1_i/LFSR_AXI_64BIT_0/U0/LFSR_AXI_63BIT_v1_0_S00_AXI_inst/LFSR_0/Stages_LFSR_reg[47]_LDC_i_2, with 2 or more inputs, drives asynchronous preset/clear pin(s) design_1_i/LFSR_AXI_64BIT_0/U0/LFSR_AXI_63BIT_v1_0_S00_AXI_inst/LFSR_0/Stages_LFSR_reg[47]_C/CLR,
design_1_i/LFSR_AXI_64BIT_0/U0/LFSR_AXI_63BIT_v1_0_S00_AXI_inst/LFSR_0/Stages_LFSR_reg[47]_LDC/CLR. The LUT may glitch and trigger an unexpected reset, even if it is a properly timed path.
Related violations: <none>

LUTAR-1#83 Warning
LUT drives async reset alert  
LUT cell design_1_i/LFSR_AXI_64BIT_0/U0/LFSR_AXI_63BIT_v1_0_S00_AXI_inst/LFSR_0/Stages_LFSR_reg[48]_LDC_i_1, with 2 or more inputs, drives asynchronous preset/clear pin(s) design_1_i/LFSR_AXI_64BIT_0/U0/LFSR_AXI_63BIT_v1_0_S00_AXI_inst/LFSR_0/Stages_LFSR_reg[48]_P/PRE. The LUT may glitch and trigger an unexpected reset, even if it is a properly timed path.
Related violations: <none>

LUTAR-1#84 Warning
LUT drives async reset alert  
LUT cell design_1_i/LFSR_AXI_64BIT_0/U0/LFSR_AXI_63BIT_v1_0_S00_AXI_inst/LFSR_0/Stages_LFSR_reg[48]_LDC_i_2, with 2 or more inputs, drives asynchronous preset/clear pin(s) design_1_i/LFSR_AXI_64BIT_0/U0/LFSR_AXI_63BIT_v1_0_S00_AXI_inst/LFSR_0/Stages_LFSR_reg[48]_C/CLR,
design_1_i/LFSR_AXI_64BIT_0/U0/LFSR_AXI_63BIT_v1_0_S00_AXI_inst/LFSR_0/Stages_LFSR_reg[48]_LDC/CLR. The LUT may glitch and trigger an unexpected reset, even if it is a properly timed path.
Related violations: <none>

LUTAR-1#85 Warning
LUT drives async reset alert  
LUT cell design_1_i/LFSR_AXI_64BIT_0/U0/LFSR_AXI_63BIT_v1_0_S00_AXI_inst/LFSR_0/Stages_LFSR_reg[49]_LDC_i_1, with 2 or more inputs, drives asynchronous preset/clear pin(s) design_1_i/LFSR_AXI_64BIT_0/U0/LFSR_AXI_63BIT_v1_0_S00_AXI_inst/LFSR_0/Stages_LFSR_reg[49]_P/PRE. The LUT may glitch and trigger an unexpected reset, even if it is a properly timed path.
Related violations: <none>

LUTAR-1#86 Warning
LUT drives async reset alert  
LUT cell design_1_i/LFSR_AXI_64BIT_0/U0/LFSR_AXI_63BIT_v1_0_S00_AXI_inst/LFSR_0/Stages_LFSR_reg[49]_LDC_i_2, with 2 or more inputs, drives asynchronous preset/clear pin(s) design_1_i/LFSR_AXI_64BIT_0/U0/LFSR_AXI_63BIT_v1_0_S00_AXI_inst/LFSR_0/Stages_LFSR_reg[49]_C/CLR,
design_1_i/LFSR_AXI_64BIT_0/U0/LFSR_AXI_63BIT_v1_0_S00_AXI_inst/LFSR_0/Stages_LFSR_reg[49]_LDC/CLR. The LUT may glitch and trigger an unexpected reset, even if it is a properly timed path.
Related violations: <none>

LUTAR-1#87 Warning
LUT drives async reset alert  
LUT cell design_1_i/LFSR_AXI_64BIT_0/U0/LFSR_AXI_63BIT_v1_0_S00_AXI_inst/LFSR_0/Stages_LFSR_reg[4]_LDC_i_1, with 2 or more inputs, drives asynchronous preset/clear pin(s) design_1_i/LFSR_AXI_64BIT_0/U0/LFSR_AXI_63BIT_v1_0_S00_AXI_inst/LFSR_0/Stages_LFSR_reg[4]_P/PRE. The LUT may glitch and trigger an unexpected reset, even if it is a properly timed path.
Related violations: <none>

LUTAR-1#88 Warning
LUT drives async reset alert  
LUT cell design_1_i/LFSR_AXI_64BIT_0/U0/LFSR_AXI_63BIT_v1_0_S00_AXI_inst/LFSR_0/Stages_LFSR_reg[4]_LDC_i_2, with 2 or more inputs, drives asynchronous preset/clear pin(s) design_1_i/LFSR_AXI_64BIT_0/U0/LFSR_AXI_63BIT_v1_0_S00_AXI_inst/LFSR_0/Stages_LFSR_reg[4]_C/CLR,
design_1_i/LFSR_AXI_64BIT_0/U0/LFSR_AXI_63BIT_v1_0_S00_AXI_inst/LFSR_0/Stages_LFSR_reg[4]_LDC/CLR. The LUT may glitch and trigger an unexpected reset, even if it is a properly timed path.
Related violations: <none>

LUTAR-1#89 Warning
LUT drives async reset alert  
LUT cell design_1_i/LFSR_AXI_64BIT_0/U0/LFSR_AXI_63BIT_v1_0_S00_AXI_inst/LFSR_0/Stages_LFSR_reg[50]_LDC_i_1, with 2 or more inputs, drives asynchronous preset/clear pin(s) design_1_i/LFSR_AXI_64BIT_0/U0/LFSR_AXI_63BIT_v1_0_S00_AXI_inst/LFSR_0/Stages_LFSR_reg[50]_P/PRE. The LUT may glitch and trigger an unexpected reset, even if it is a properly timed path.
Related violations: <none>

LUTAR-1#90 Warning
LUT drives async reset alert  
LUT cell design_1_i/LFSR_AXI_64BIT_0/U0/LFSR_AXI_63BIT_v1_0_S00_AXI_inst/LFSR_0/Stages_LFSR_reg[50]_LDC_i_2, with 2 or more inputs, drives asynchronous preset/clear pin(s) design_1_i/LFSR_AXI_64BIT_0/U0/LFSR_AXI_63BIT_v1_0_S00_AXI_inst/LFSR_0/Stages_LFSR_reg[50]_C/CLR,
design_1_i/LFSR_AXI_64BIT_0/U0/LFSR_AXI_63BIT_v1_0_S00_AXI_inst/LFSR_0/Stages_LFSR_reg[50]_LDC/CLR. The LUT may glitch and trigger an unexpected reset, even if it is a properly timed path.
Related violations: <none>

LUTAR-1#91 Warning
LUT drives async reset alert  
LUT cell design_1_i/LFSR_AXI_64BIT_0/U0/LFSR_AXI_63BIT_v1_0_S00_AXI_inst/LFSR_0/Stages_LFSR_reg[51]_LDC_i_1, with 2 or more inputs, drives asynchronous preset/clear pin(s) design_1_i/LFSR_AXI_64BIT_0/U0/LFSR_AXI_63BIT_v1_0_S00_AXI_inst/LFSR_0/Stages_LFSR_reg[51]_P/PRE. The LUT may glitch and trigger an unexpected reset, even if it is a properly timed path.
Related violations: <none>

LUTAR-1#92 Warning
LUT drives async reset alert  
LUT cell design_1_i/LFSR_AXI_64BIT_0/U0/LFSR_AXI_63BIT_v1_0_S00_AXI_inst/LFSR_0/Stages_LFSR_reg[51]_LDC_i_2, with 2 or more inputs, drives asynchronous preset/clear pin(s) design_1_i/LFSR_AXI_64BIT_0/U0/LFSR_AXI_63BIT_v1_0_S00_AXI_inst/LFSR_0/Stages_LFSR_reg[51]_C/CLR,
design_1_i/LFSR_AXI_64BIT_0/U0/LFSR_AXI_63BIT_v1_0_S00_AXI_inst/LFSR_0/Stages_LFSR_reg[51]_LDC/CLR. The LUT may glitch and trigger an unexpected reset, even if it is a properly timed path.
Related violations: <none>

LUTAR-1#93 Warning
LUT drives async reset alert  
LUT cell design_1_i/LFSR_AXI_64BIT_0/U0/LFSR_AXI_63BIT_v1_0_S00_AXI_inst/LFSR_0/Stages_LFSR_reg[52]_LDC_i_1, with 2 or more inputs, drives asynchronous preset/clear pin(s) design_1_i/LFSR_AXI_64BIT_0/U0/LFSR_AXI_63BIT_v1_0_S00_AXI_inst/LFSR_0/Stages_LFSR_reg[52]_P/PRE. The LUT may glitch and trigger an unexpected reset, even if it is a properly timed path.
Related violations: <none>

LUTAR-1#94 Warning
LUT drives async reset alert  
LUT cell design_1_i/LFSR_AXI_64BIT_0/U0/LFSR_AXI_63BIT_v1_0_S00_AXI_inst/LFSR_0/Stages_LFSR_reg[52]_LDC_i_2, with 2 or more inputs, drives asynchronous preset/clear pin(s) design_1_i/LFSR_AXI_64BIT_0/U0/LFSR_AXI_63BIT_v1_0_S00_AXI_inst/LFSR_0/Stages_LFSR_reg[52]_C/CLR,
design_1_i/LFSR_AXI_64BIT_0/U0/LFSR_AXI_63BIT_v1_0_S00_AXI_inst/LFSR_0/Stages_LFSR_reg[52]_LDC/CLR. The LUT may glitch and trigger an unexpected reset, even if it is a properly timed path.
Related violations: <none>

LUTAR-1#95 Warning
LUT drives async reset alert  
LUT cell design_1_i/LFSR_AXI_64BIT_0/U0/LFSR_AXI_63BIT_v1_0_S00_AXI_inst/LFSR_0/Stages_LFSR_reg[53]_LDC_i_1, with 2 or more inputs, drives asynchronous preset/clear pin(s) design_1_i/LFSR_AXI_64BIT_0/U0/LFSR_AXI_63BIT_v1_0_S00_AXI_inst/LFSR_0/Stages_LFSR_reg[53]_P/PRE. The LUT may glitch and trigger an unexpected reset, even if it is a properly timed path.
Related violations: <none>

LUTAR-1#96 Warning
LUT drives async reset alert  
LUT cell design_1_i/LFSR_AXI_64BIT_0/U0/LFSR_AXI_63BIT_v1_0_S00_AXI_inst/LFSR_0/Stages_LFSR_reg[53]_LDC_i_2, with 2 or more inputs, drives asynchronous preset/clear pin(s) design_1_i/LFSR_AXI_64BIT_0/U0/LFSR_AXI_63BIT_v1_0_S00_AXI_inst/LFSR_0/Stages_LFSR_reg[53]_C/CLR,
design_1_i/LFSR_AXI_64BIT_0/U0/LFSR_AXI_63BIT_v1_0_S00_AXI_inst/LFSR_0/Stages_LFSR_reg[53]_LDC/CLR. The LUT may glitch and trigger an unexpected reset, even if it is a properly timed path.
Related violations: <none>

LUTAR-1#97 Warning
LUT drives async reset alert  
LUT cell design_1_i/LFSR_AXI_64BIT_0/U0/LFSR_AXI_63BIT_v1_0_S00_AXI_inst/LFSR_0/Stages_LFSR_reg[54]_LDC_i_1, with 2 or more inputs, drives asynchronous preset/clear pin(s) design_1_i/LFSR_AXI_64BIT_0/U0/LFSR_AXI_63BIT_v1_0_S00_AXI_inst/LFSR_0/Stages_LFSR_reg[54]_P/PRE. The LUT may glitch and trigger an unexpected reset, even if it is a properly timed path.
Related violations: <none>

LUTAR-1#98 Warning
LUT drives async reset alert  
LUT cell design_1_i/LFSR_AXI_64BIT_0/U0/LFSR_AXI_63BIT_v1_0_S00_AXI_inst/LFSR_0/Stages_LFSR_reg[54]_LDC_i_2, with 2 or more inputs, drives asynchronous preset/clear pin(s) design_1_i/LFSR_AXI_64BIT_0/U0/LFSR_AXI_63BIT_v1_0_S00_AXI_inst/LFSR_0/Stages_LFSR_reg[54]_C/CLR,
design_1_i/LFSR_AXI_64BIT_0/U0/LFSR_AXI_63BIT_v1_0_S00_AXI_inst/LFSR_0/Stages_LFSR_reg[54]_LDC/CLR. The LUT may glitch and trigger an unexpected reset, even if it is a properly timed path.
Related violations: <none>

LUTAR-1#99 Warning
LUT drives async reset alert  
LUT cell design_1_i/LFSR_AXI_64BIT_0/U0/LFSR_AXI_63BIT_v1_0_S00_AXI_inst/LFSR_0/Stages_LFSR_reg[55]_LDC_i_1, with 2 or more inputs, drives asynchronous preset/clear pin(s) design_1_i/LFSR_AXI_64BIT_0/U0/LFSR_AXI_63BIT_v1_0_S00_AXI_inst/LFSR_0/Stages_LFSR_reg[55]_P/PRE. The LUT may glitch and trigger an unexpected reset, even if it is a properly timed path.
Related violations: <none>

LUTAR-1#100 Warning
LUT drives async reset alert  
LUT cell design_1_i/LFSR_AXI_64BIT_0/U0/LFSR_AXI_63BIT_v1_0_S00_AXI_inst/LFSR_0/Stages_LFSR_reg[55]_LDC_i_2, with 2 or more inputs, drives asynchronous preset/clear pin(s) design_1_i/LFSR_AXI_64BIT_0/U0/LFSR_AXI_63BIT_v1_0_S00_AXI_inst/LFSR_0/Stages_LFSR_reg[55]_C/CLR,
design_1_i/LFSR_AXI_64BIT_0/U0/LFSR_AXI_63BIT_v1_0_S00_AXI_inst/LFSR_0/Stages_LFSR_reg[55]_LDC/CLR. The LUT may glitch and trigger an unexpected reset, even if it is a properly timed path.
Related violations: <none>

LUTAR-1#101 Warning
LUT drives async reset alert  
LUT cell design_1_i/LFSR_AXI_64BIT_0/U0/LFSR_AXI_63BIT_v1_0_S00_AXI_inst/LFSR_0/Stages_LFSR_reg[56]_LDC_i_1, with 2 or more inputs, drives asynchronous preset/clear pin(s) design_1_i/LFSR_AXI_64BIT_0/U0/LFSR_AXI_63BIT_v1_0_S00_AXI_inst/LFSR_0/Stages_LFSR_reg[56]_P/PRE. The LUT may glitch and trigger an unexpected reset, even if it is a properly timed path.
Related violations: <none>

LUTAR-1#102 Warning
LUT drives async reset alert  
LUT cell design_1_i/LFSR_AXI_64BIT_0/U0/LFSR_AXI_63BIT_v1_0_S00_AXI_inst/LFSR_0/Stages_LFSR_reg[56]_LDC_i_2, with 2 or more inputs, drives asynchronous preset/clear pin(s) design_1_i/LFSR_AXI_64BIT_0/U0/LFSR_AXI_63BIT_v1_0_S00_AXI_inst/LFSR_0/Stages_LFSR_reg[56]_C/CLR,
design_1_i/LFSR_AXI_64BIT_0/U0/LFSR_AXI_63BIT_v1_0_S00_AXI_inst/LFSR_0/Stages_LFSR_reg[56]_LDC/CLR. The LUT may glitch and trigger an unexpected reset, even if it is a properly timed path.
Related violations: <none>

LUTAR-1#103 Warning
LUT drives async reset alert  
LUT cell design_1_i/LFSR_AXI_64BIT_0/U0/LFSR_AXI_63BIT_v1_0_S00_AXI_inst/LFSR_0/Stages_LFSR_reg[57]_LDC_i_1, with 2 or more inputs, drives asynchronous preset/clear pin(s) design_1_i/LFSR_AXI_64BIT_0/U0/LFSR_AXI_63BIT_v1_0_S00_AXI_inst/LFSR_0/Stages_LFSR_reg[57]_P/PRE. The LUT may glitch and trigger an unexpected reset, even if it is a properly timed path.
Related violations: <none>

LUTAR-1#104 Warning
LUT drives async reset alert  
LUT cell design_1_i/LFSR_AXI_64BIT_0/U0/LFSR_AXI_63BIT_v1_0_S00_AXI_inst/LFSR_0/Stages_LFSR_reg[57]_LDC_i_2, with 2 or more inputs, drives asynchronous preset/clear pin(s) design_1_i/LFSR_AXI_64BIT_0/U0/LFSR_AXI_63BIT_v1_0_S00_AXI_inst/LFSR_0/Stages_LFSR_reg[57]_C/CLR,
design_1_i/LFSR_AXI_64BIT_0/U0/LFSR_AXI_63BIT_v1_0_S00_AXI_inst/LFSR_0/Stages_LFSR_reg[57]_LDC/CLR. The LUT may glitch and trigger an unexpected reset, even if it is a properly timed path.
Related violations: <none>

LUTAR-1#105 Warning
LUT drives async reset alert  
LUT cell design_1_i/LFSR_AXI_64BIT_0/U0/LFSR_AXI_63BIT_v1_0_S00_AXI_inst/LFSR_0/Stages_LFSR_reg[58]_LDC_i_1, with 2 or more inputs, drives asynchronous preset/clear pin(s) design_1_i/LFSR_AXI_64BIT_0/U0/LFSR_AXI_63BIT_v1_0_S00_AXI_inst/LFSR_0/Stages_LFSR_reg[58]_P/PRE. The LUT may glitch and trigger an unexpected reset, even if it is a properly timed path.
Related violations: <none>

LUTAR-1#106 Warning
LUT drives async reset alert  
LUT cell design_1_i/LFSR_AXI_64BIT_0/U0/LFSR_AXI_63BIT_v1_0_S00_AXI_inst/LFSR_0/Stages_LFSR_reg[58]_LDC_i_2, with 2 or more inputs, drives asynchronous preset/clear pin(s) design_1_i/LFSR_AXI_64BIT_0/U0/LFSR_AXI_63BIT_v1_0_S00_AXI_inst/LFSR_0/Stages_LFSR_reg[58]_C/CLR,
design_1_i/LFSR_AXI_64BIT_0/U0/LFSR_AXI_63BIT_v1_0_S00_AXI_inst/LFSR_0/Stages_LFSR_reg[58]_LDC/CLR. The LUT may glitch and trigger an unexpected reset, even if it is a properly timed path.
Related violations: <none>

LUTAR-1#107 Warning
LUT drives async reset alert  
LUT cell design_1_i/LFSR_AXI_64BIT_0/U0/LFSR_AXI_63BIT_v1_0_S00_AXI_inst/LFSR_0/Stages_LFSR_reg[59]_LDC_i_1, with 2 or more inputs, drives asynchronous preset/clear pin(s) design_1_i/LFSR_AXI_64BIT_0/U0/LFSR_AXI_63BIT_v1_0_S00_AXI_inst/LFSR_0/Stages_LFSR_reg[59]_P/PRE. The LUT may glitch and trigger an unexpected reset, even if it is a properly timed path.
Related violations: <none>

LUTAR-1#108 Warning
LUT drives async reset alert  
LUT cell design_1_i/LFSR_AXI_64BIT_0/U0/LFSR_AXI_63BIT_v1_0_S00_AXI_inst/LFSR_0/Stages_LFSR_reg[59]_LDC_i_2, with 2 or more inputs, drives asynchronous preset/clear pin(s) design_1_i/LFSR_AXI_64BIT_0/U0/LFSR_AXI_63BIT_v1_0_S00_AXI_inst/LFSR_0/Stages_LFSR_reg[59]_C/CLR,
design_1_i/LFSR_AXI_64BIT_0/U0/LFSR_AXI_63BIT_v1_0_S00_AXI_inst/LFSR_0/Stages_LFSR_reg[59]_LDC/CLR. The LUT may glitch and trigger an unexpected reset, even if it is a properly timed path.
Related violations: <none>

LUTAR-1#109 Warning
LUT drives async reset alert  
LUT cell design_1_i/LFSR_AXI_64BIT_0/U0/LFSR_AXI_63BIT_v1_0_S00_AXI_inst/LFSR_0/Stages_LFSR_reg[5]_LDC_i_1, with 2 or more inputs, drives asynchronous preset/clear pin(s) design_1_i/LFSR_AXI_64BIT_0/U0/LFSR_AXI_63BIT_v1_0_S00_AXI_inst/LFSR_0/Stages_LFSR_reg[5]_P/PRE. The LUT may glitch and trigger an unexpected reset, even if it is a properly timed path.
Related violations: <none>

LUTAR-1#110 Warning
LUT drives async reset alert  
LUT cell design_1_i/LFSR_AXI_64BIT_0/U0/LFSR_AXI_63BIT_v1_0_S00_AXI_inst/LFSR_0/Stages_LFSR_reg[5]_LDC_i_2, with 2 or more inputs, drives asynchronous preset/clear pin(s) design_1_i/LFSR_AXI_64BIT_0/U0/LFSR_AXI_63BIT_v1_0_S00_AXI_inst/LFSR_0/Stages_LFSR_reg[5]_C/CLR,
design_1_i/LFSR_AXI_64BIT_0/U0/LFSR_AXI_63BIT_v1_0_S00_AXI_inst/LFSR_0/Stages_LFSR_reg[5]_LDC/CLR. The LUT may glitch and trigger an unexpected reset, even if it is a properly timed path.
Related violations: <none>

LUTAR-1#111 Warning
LUT drives async reset alert  
LUT cell design_1_i/LFSR_AXI_64BIT_0/U0/LFSR_AXI_63BIT_v1_0_S00_AXI_inst/LFSR_0/Stages_LFSR_reg[60]_LDC_i_1, with 2 or more inputs, drives asynchronous preset/clear pin(s) design_1_i/LFSR_AXI_64BIT_0/U0/LFSR_AXI_63BIT_v1_0_S00_AXI_inst/LFSR_0/Stages_LFSR_reg[60]_P/PRE. The LUT may glitch and trigger an unexpected reset, even if it is a properly timed path.
Related violations: <none>

LUTAR-1#112 Warning
LUT drives async reset alert  
LUT cell design_1_i/LFSR_AXI_64BIT_0/U0/LFSR_AXI_63BIT_v1_0_S00_AXI_inst/LFSR_0/Stages_LFSR_reg[60]_LDC_i_2, with 2 or more inputs, drives asynchronous preset/clear pin(s) design_1_i/LFSR_AXI_64BIT_0/U0/LFSR_AXI_63BIT_v1_0_S00_AXI_inst/LFSR_0/Stages_LFSR_reg[60]_C/CLR,
design_1_i/LFSR_AXI_64BIT_0/U0/LFSR_AXI_63BIT_v1_0_S00_AXI_inst/LFSR_0/Stages_LFSR_reg[60]_LDC/CLR. The LUT may glitch and trigger an unexpected reset, even if it is a properly timed path.
Related violations: <none>

LUTAR-1#113 Warning
LUT drives async reset alert  
LUT cell design_1_i/LFSR_AXI_64BIT_0/U0/LFSR_AXI_63BIT_v1_0_S00_AXI_inst/LFSR_0/Stages_LFSR_reg[61]_LDC_i_1, with 2 or more inputs, drives asynchronous preset/clear pin(s) design_1_i/LFSR_AXI_64BIT_0/U0/LFSR_AXI_63BIT_v1_0_S00_AXI_inst/LFSR_0/Stages_LFSR_reg[61]_P/PRE. The LUT may glitch and trigger an unexpected reset, even if it is a properly timed path.
Related violations: <none>

LUTAR-1#114 Warning
LUT drives async reset alert  
LUT cell design_1_i/LFSR_AXI_64BIT_0/U0/LFSR_AXI_63BIT_v1_0_S00_AXI_inst/LFSR_0/Stages_LFSR_reg[61]_LDC_i_2, with 2 or more inputs, drives asynchronous preset/clear pin(s) design_1_i/LFSR_AXI_64BIT_0/U0/LFSR_AXI_63BIT_v1_0_S00_AXI_inst/LFSR_0/Stages_LFSR_reg[61]_C/CLR,
design_1_i/LFSR_AXI_64BIT_0/U0/LFSR_AXI_63BIT_v1_0_S00_AXI_inst/LFSR_0/Stages_LFSR_reg[61]_LDC/CLR. The LUT may glitch and trigger an unexpected reset, even if it is a properly timed path.
Related violations: <none>

LUTAR-1#115 Warning
LUT drives async reset alert  
LUT cell design_1_i/LFSR_AXI_64BIT_0/U0/LFSR_AXI_63BIT_v1_0_S00_AXI_inst/LFSR_0/Stages_LFSR_reg[62]_LDC_i_1, with 2 or more inputs, drives asynchronous preset/clear pin(s) design_1_i/LFSR_AXI_64BIT_0/U0/LFSR_AXI_63BIT_v1_0_S00_AXI_inst/LFSR_0/Stages_LFSR_reg[62]_P/PRE. The LUT may glitch and trigger an unexpected reset, even if it is a properly timed path.
Related violations: <none>

LUTAR-1#116 Warning
LUT drives async reset alert  
LUT cell design_1_i/LFSR_AXI_64BIT_0/U0/LFSR_AXI_63BIT_v1_0_S00_AXI_inst/LFSR_0/Stages_LFSR_reg[62]_LDC_i_2, with 2 or more inputs, drives asynchronous preset/clear pin(s) design_1_i/LFSR_AXI_64BIT_0/U0/LFSR_AXI_63BIT_v1_0_S00_AXI_inst/LFSR_0/Stages_LFSR_reg[62]_C/CLR,
design_1_i/LFSR_AXI_64BIT_0/U0/LFSR_AXI_63BIT_v1_0_S00_AXI_inst/LFSR_0/Stages_LFSR_reg[62]_LDC/CLR. The LUT may glitch and trigger an unexpected reset, even if it is a properly timed path.
Related violations: <none>

LUTAR-1#117 Warning
LUT drives async reset alert  
LUT cell design_1_i/LFSR_AXI_64BIT_0/U0/LFSR_AXI_63BIT_v1_0_S00_AXI_inst/LFSR_0/Stages_LFSR_reg[63]_LDC_i_1, with 2 or more inputs, drives asynchronous preset/clear pin(s) design_1_i/LFSR_AXI_64BIT_0/U0/LFSR_AXI_63BIT_v1_0_S00_AXI_inst/LFSR_0/Stages_LFSR_reg[63]_P/PRE. The LUT may glitch and trigger an unexpected reset, even if it is a properly timed path.
Related violations: <none>

LUTAR-1#118 Warning
LUT drives async reset alert  
LUT cell design_1_i/LFSR_AXI_64BIT_0/U0/LFSR_AXI_63BIT_v1_0_S00_AXI_inst/LFSR_0/Stages_LFSR_reg[63]_LDC_i_2, with 2 or more inputs, drives asynchronous preset/clear pin(s) design_1_i/LFSR_AXI_64BIT_0/U0/LFSR_AXI_63BIT_v1_0_S00_AXI_inst/LFSR_0/Stages_LFSR_reg[63]_C/CLR,
design_1_i/LFSR_AXI_64BIT_0/U0/LFSR_AXI_63BIT_v1_0_S00_AXI_inst/LFSR_0/Stages_LFSR_reg[63]_LDC/CLR. The LUT may glitch and trigger an unexpected reset, even if it is a properly timed path.
Related violations: <none>

LUTAR-1#119 Warning
LUT drives async reset alert  
LUT cell design_1_i/LFSR_AXI_64BIT_0/U0/LFSR_AXI_63BIT_v1_0_S00_AXI_inst/LFSR_0/Stages_LFSR_reg[64]_LDC_i_1, with 2 or more inputs, drives asynchronous preset/clear pin(s) design_1_i/LFSR_AXI_64BIT_0/U0/LFSR_AXI_63BIT_v1_0_S00_AXI_inst/LFSR_0/Stages_LFSR_reg[64]_P/PRE. The LUT may glitch and trigger an unexpected reset, even if it is a properly timed path.
Related violations: <none>

LUTAR-1#120 Warning
LUT drives async reset alert  
LUT cell design_1_i/LFSR_AXI_64BIT_0/U0/LFSR_AXI_63BIT_v1_0_S00_AXI_inst/LFSR_0/Stages_LFSR_reg[64]_LDC_i_2, with 2 or more inputs, drives asynchronous preset/clear pin(s) design_1_i/LFSR_AXI_64BIT_0/U0/LFSR_AXI_63BIT_v1_0_S00_AXI_inst/LFSR_0/Stages_LFSR_reg[64]_C/CLR,
design_1_i/LFSR_AXI_64BIT_0/U0/LFSR_AXI_63BIT_v1_0_S00_AXI_inst/LFSR_0/Stages_LFSR_reg[64]_LDC/CLR. The LUT may glitch and trigger an unexpected reset, even if it is a properly timed path.
Related violations: <none>

LUTAR-1#121 Warning
LUT drives async reset alert  
LUT cell design_1_i/LFSR_AXI_64BIT_0/U0/LFSR_AXI_63BIT_v1_0_S00_AXI_inst/LFSR_0/Stages_LFSR_reg[6]_LDC_i_1, with 2 or more inputs, drives asynchronous preset/clear pin(s) design_1_i/LFSR_AXI_64BIT_0/U0/LFSR_AXI_63BIT_v1_0_S00_AXI_inst/LFSR_0/Stages_LFSR_reg[6]_P/PRE. The LUT may glitch and trigger an unexpected reset, even if it is a properly timed path.
Related violations: <none>

LUTAR-1#122 Warning
LUT drives async reset alert  
LUT cell design_1_i/LFSR_AXI_64BIT_0/U0/LFSR_AXI_63BIT_v1_0_S00_AXI_inst/LFSR_0/Stages_LFSR_reg[6]_LDC_i_2, with 2 or more inputs, drives asynchronous preset/clear pin(s) design_1_i/LFSR_AXI_64BIT_0/U0/LFSR_AXI_63BIT_v1_0_S00_AXI_inst/LFSR_0/Stages_LFSR_reg[6]_C/CLR,
design_1_i/LFSR_AXI_64BIT_0/U0/LFSR_AXI_63BIT_v1_0_S00_AXI_inst/LFSR_0/Stages_LFSR_reg[6]_LDC/CLR. The LUT may glitch and trigger an unexpected reset, even if it is a properly timed path.
Related violations: <none>

LUTAR-1#123 Warning
LUT drives async reset alert  
LUT cell design_1_i/LFSR_AXI_64BIT_0/U0/LFSR_AXI_63BIT_v1_0_S00_AXI_inst/LFSR_0/Stages_LFSR_reg[7]_LDC_i_1, with 2 or more inputs, drives asynchronous preset/clear pin(s) design_1_i/LFSR_AXI_64BIT_0/U0/LFSR_AXI_63BIT_v1_0_S00_AXI_inst/LFSR_0/Stages_LFSR_reg[7]_P/PRE. The LUT may glitch and trigger an unexpected reset, even if it is a properly timed path.
Related violations: <none>

LUTAR-1#124 Warning
LUT drives async reset alert  
LUT cell design_1_i/LFSR_AXI_64BIT_0/U0/LFSR_AXI_63BIT_v1_0_S00_AXI_inst/LFSR_0/Stages_LFSR_reg[7]_LDC_i_2, with 2 or more inputs, drives asynchronous preset/clear pin(s) design_1_i/LFSR_AXI_64BIT_0/U0/LFSR_AXI_63BIT_v1_0_S00_AXI_inst/LFSR_0/Stages_LFSR_reg[7]_C/CLR,
design_1_i/LFSR_AXI_64BIT_0/U0/LFSR_AXI_63BIT_v1_0_S00_AXI_inst/LFSR_0/Stages_LFSR_reg[7]_LDC/CLR. The LUT may glitch and trigger an unexpected reset, even if it is a properly timed path.
Related violations: <none>

LUTAR-1#125 Warning
LUT drives async reset alert  
LUT cell design_1_i/LFSR_AXI_64BIT_0/U0/LFSR_AXI_63BIT_v1_0_S00_AXI_inst/LFSR_0/Stages_LFSR_reg[8]_LDC_i_1, with 2 or more inputs, drives asynchronous preset/clear pin(s) design_1_i/LFSR_AXI_64BIT_0/U0/LFSR_AXI_63BIT_v1_0_S00_AXI_inst/LFSR_0/Stages_LFSR_reg[8]_P/PRE. The LUT may glitch and trigger an unexpected reset, even if it is a properly timed path.
Related violations: <none>

LUTAR-1#126 Warning
LUT drives async reset alert  
LUT cell design_1_i/LFSR_AXI_64BIT_0/U0/LFSR_AXI_63BIT_v1_0_S00_AXI_inst/LFSR_0/Stages_LFSR_reg[8]_LDC_i_2, with 2 or more inputs, drives asynchronous preset/clear pin(s) design_1_i/LFSR_AXI_64BIT_0/U0/LFSR_AXI_63BIT_v1_0_S00_AXI_inst/LFSR_0/Stages_LFSR_reg[8]_C/CLR,
design_1_i/LFSR_AXI_64BIT_0/U0/LFSR_AXI_63BIT_v1_0_S00_AXI_inst/LFSR_0/Stages_LFSR_reg[8]_LDC/CLR. The LUT may glitch and trigger an unexpected reset, even if it is a properly timed path.
Related violations: <none>

LUTAR-1#127 Warning
LUT drives async reset alert  
LUT cell design_1_i/LFSR_AXI_64BIT_0/U0/LFSR_AXI_63BIT_v1_0_S00_AXI_inst/LFSR_0/Stages_LFSR_reg[9]_LDC_i_1, with 2 or more inputs, drives asynchronous preset/clear pin(s) design_1_i/LFSR_AXI_64BIT_0/U0/LFSR_AXI_63BIT_v1_0_S00_AXI_inst/LFSR_0/Stages_LFSR_reg[9]_P/PRE. The LUT may glitch and trigger an unexpected reset, even if it is a properly timed path.
Related violations: <none>

LUTAR-1#128 Warning
LUT drives async reset alert  
LUT cell design_1_i/LFSR_AXI_64BIT_0/U0/LFSR_AXI_63BIT_v1_0_S00_AXI_inst/LFSR_0/Stages_LFSR_reg[9]_LDC_i_2, with 2 or more inputs, drives asynchronous preset/clear pin(s) design_1_i/LFSR_AXI_64BIT_0/U0/LFSR_AXI_63BIT_v1_0_S00_AXI_inst/LFSR_0/Stages_LFSR_reg[9]_C/CLR,
design_1_i/LFSR_AXI_64BIT_0/U0/LFSR_AXI_63BIT_v1_0_S00_AXI_inst/LFSR_0/Stages_LFSR_reg[9]_LDC/CLR. The LUT may glitch and trigger an unexpected reset, even if it is a properly timed path.
Related violations: <none>

TIMING-18#1 Warning
Missing input or output delay  
An input delay is missing on audio_addr_tri_io[0] relative to clock(s) clk_fpga_0
Related violations: <none>

TIMING-18#2 Warning
Missing input or output delay  
An input delay is missing on audio_addr_tri_io[1] relative to clock(s) clk_fpga_0
Related violations: <none>

TIMING-18#3 Warning
Missing input or output delay  
An input delay is missing on btns_4bits_tri_i[0] relative to clock(s) clk_fpga_0
Related violations: <none>

TIMING-18#4 Warning
Missing input or output delay  
An input delay is missing on btns_4bits_tri_i[1] relative to clock(s) clk_fpga_0
Related violations: <none>

TIMING-18#5 Warning
Missing input or output delay  
An input delay is missing on btns_4bits_tri_i[2] relative to clock(s) clk_fpga_0
Related violations: <none>

TIMING-18#6 Warning
Missing input or output delay  
An input delay is missing on btns_4bits_tri_i[3] relative to clock(s) clk_fpga_0
Related violations: <none>

TIMING-20#1 Warning
Non-clocked latch  
The latch design_1_i/LFSR_AXI_64BIT_0/U0/LFSR_AXI_63BIT_v1_0_S00_AXI_inst/LFSR_0/Stages_LFSR_reg[10]_LDC cannot be properly analyzed as its control pin design_1_i/LFSR_AXI_64BIT_0/U0/LFSR_AXI_63BIT_v1_0_S00_AXI_inst/LFSR_0/Stages_LFSR_reg[10]_LDC/G is not reached by a timing clock
Related violations: <none>

TIMING-20#2 Warning
Non-clocked latch  
The latch design_1_i/LFSR_AXI_64BIT_0/U0/LFSR_AXI_63BIT_v1_0_S00_AXI_inst/LFSR_0/Stages_LFSR_reg[11]_LDC cannot be properly analyzed as its control pin design_1_i/LFSR_AXI_64BIT_0/U0/LFSR_AXI_63BIT_v1_0_S00_AXI_inst/LFSR_0/Stages_LFSR_reg[11]_LDC/G is not reached by a timing clock
Related violations: <none>

TIMING-20#3 Warning
Non-clocked latch  
The latch design_1_i/LFSR_AXI_64BIT_0/U0/LFSR_AXI_63BIT_v1_0_S00_AXI_inst/LFSR_0/Stages_LFSR_reg[12]_LDC cannot be properly analyzed as its control pin design_1_i/LFSR_AXI_64BIT_0/U0/LFSR_AXI_63BIT_v1_0_S00_AXI_inst/LFSR_0/Stages_LFSR_reg[12]_LDC/G is not reached by a timing clock
Related violations: <none>

TIMING-20#4 Warning
Non-clocked latch  
The latch design_1_i/LFSR_AXI_64BIT_0/U0/LFSR_AXI_63BIT_v1_0_S00_AXI_inst/LFSR_0/Stages_LFSR_reg[13]_LDC cannot be properly analyzed as its control pin design_1_i/LFSR_AXI_64BIT_0/U0/LFSR_AXI_63BIT_v1_0_S00_AXI_inst/LFSR_0/Stages_LFSR_reg[13]_LDC/G is not reached by a timing clock
Related violations: <none>

TIMING-20#5 Warning
Non-clocked latch  
The latch design_1_i/LFSR_AXI_64BIT_0/U0/LFSR_AXI_63BIT_v1_0_S00_AXI_inst/LFSR_0/Stages_LFSR_reg[14]_LDC cannot be properly analyzed as its control pin design_1_i/LFSR_AXI_64BIT_0/U0/LFSR_AXI_63BIT_v1_0_S00_AXI_inst/LFSR_0/Stages_LFSR_reg[14]_LDC/G is not reached by a timing clock
Related violations: <none>

TIMING-20#6 Warning
Non-clocked latch  
The latch design_1_i/LFSR_AXI_64BIT_0/U0/LFSR_AXI_63BIT_v1_0_S00_AXI_inst/LFSR_0/Stages_LFSR_reg[15]_LDC cannot be properly analyzed as its control pin design_1_i/LFSR_AXI_64BIT_0/U0/LFSR_AXI_63BIT_v1_0_S00_AXI_inst/LFSR_0/Stages_LFSR_reg[15]_LDC/G is not reached by a timing clock
Related violations: <none>

TIMING-20#7 Warning
Non-clocked latch  
The latch design_1_i/LFSR_AXI_64BIT_0/U0/LFSR_AXI_63BIT_v1_0_S00_AXI_inst/LFSR_0/Stages_LFSR_reg[16]_LDC cannot be properly analyzed as its control pin design_1_i/LFSR_AXI_64BIT_0/U0/LFSR_AXI_63BIT_v1_0_S00_AXI_inst/LFSR_0/Stages_LFSR_reg[16]_LDC/G is not reached by a timing clock
Related violations: <none>

TIMING-20#8 Warning
Non-clocked latch  
The latch design_1_i/LFSR_AXI_64BIT_0/U0/LFSR_AXI_63BIT_v1_0_S00_AXI_inst/LFSR_0/Stages_LFSR_reg[17]_LDC cannot be properly analyzed as its control pin design_1_i/LFSR_AXI_64BIT_0/U0/LFSR_AXI_63BIT_v1_0_S00_AXI_inst/LFSR_0/Stages_LFSR_reg[17]_LDC/G is not reached by a timing clock
Related violations: <none>

TIMING-20#9 Warning
Non-clocked latch  
The latch design_1_i/LFSR_AXI_64BIT_0/U0/LFSR_AXI_63BIT_v1_0_S00_AXI_inst/LFSR_0/Stages_LFSR_reg[18]_LDC cannot be properly analyzed as its control pin design_1_i/LFSR_AXI_64BIT_0/U0/LFSR_AXI_63BIT_v1_0_S00_AXI_inst/LFSR_0/Stages_LFSR_reg[18]_LDC/G is not reached by a timing clock
Related violations: <none>

TIMING-20#10 Warning
Non-clocked latch  
The latch design_1_i/LFSR_AXI_64BIT_0/U0/LFSR_AXI_63BIT_v1_0_S00_AXI_inst/LFSR_0/Stages_LFSR_reg[19]_LDC cannot be properly analyzed as its control pin design_1_i/LFSR_AXI_64BIT_0/U0/LFSR_AXI_63BIT_v1_0_S00_AXI_inst/LFSR_0/Stages_LFSR_reg[19]_LDC/G is not reached by a timing clock
Related violations: <none>

TIMING-20#11 Warning
Non-clocked latch  
The latch design_1_i/LFSR_AXI_64BIT_0/U0/LFSR_AXI_63BIT_v1_0_S00_AXI_inst/LFSR_0/Stages_LFSR_reg[1]_LDC cannot be properly analyzed as its control pin design_1_i/LFSR_AXI_64BIT_0/U0/LFSR_AXI_63BIT_v1_0_S00_AXI_inst/LFSR_0/Stages_LFSR_reg[1]_LDC/G is not reached by a timing clock
Related violations: <none>

TIMING-20#12 Warning
Non-clocked latch  
The latch design_1_i/LFSR_AXI_64BIT_0/U0/LFSR_AXI_63BIT_v1_0_S00_AXI_inst/LFSR_0/Stages_LFSR_reg[20]_LDC cannot be properly analyzed as its control pin design_1_i/LFSR_AXI_64BIT_0/U0/LFSR_AXI_63BIT_v1_0_S00_AXI_inst/LFSR_0/Stages_LFSR_reg[20]_LDC/G is not reached by a timing clock
Related violations: <none>

TIMING-20#13 Warning
Non-clocked latch  
The latch design_1_i/LFSR_AXI_64BIT_0/U0/LFSR_AXI_63BIT_v1_0_S00_AXI_inst/LFSR_0/Stages_LFSR_reg[21]_LDC cannot be properly analyzed as its control pin design_1_i/LFSR_AXI_64BIT_0/U0/LFSR_AXI_63BIT_v1_0_S00_AXI_inst/LFSR_0/Stages_LFSR_reg[21]_LDC/G is not reached by a timing clock
Related violations: <none>

TIMING-20#14 Warning
Non-clocked latch  
The latch design_1_i/LFSR_AXI_64BIT_0/U0/LFSR_AXI_63BIT_v1_0_S00_AXI_inst/LFSR_0/Stages_LFSR_reg[22]_LDC cannot be properly analyzed as its control pin design_1_i/LFSR_AXI_64BIT_0/U0/LFSR_AXI_63BIT_v1_0_S00_AXI_inst/LFSR_0/Stages_LFSR_reg[22]_LDC/G is not reached by a timing clock
Related violations: <none>

TIMING-20#15 Warning
Non-clocked latch  
The latch design_1_i/LFSR_AXI_64BIT_0/U0/LFSR_AXI_63BIT_v1_0_S00_AXI_inst/LFSR_0/Stages_LFSR_reg[23]_LDC cannot be properly analyzed as its control pin design_1_i/LFSR_AXI_64BIT_0/U0/LFSR_AXI_63BIT_v1_0_S00_AXI_inst/LFSR_0/Stages_LFSR_reg[23]_LDC/G is not reached by a timing clock
Related violations: <none>

TIMING-20#16 Warning
Non-clocked latch  
The latch design_1_i/LFSR_AXI_64BIT_0/U0/LFSR_AXI_63BIT_v1_0_S00_AXI_inst/LFSR_0/Stages_LFSR_reg[24]_LDC cannot be properly analyzed as its control pin design_1_i/LFSR_AXI_64BIT_0/U0/LFSR_AXI_63BIT_v1_0_S00_AXI_inst/LFSR_0/Stages_LFSR_reg[24]_LDC/G is not reached by a timing clock
Related violations: <none>

TIMING-20#17 Warning
Non-clocked latch  
The latch design_1_i/LFSR_AXI_64BIT_0/U0/LFSR_AXI_63BIT_v1_0_S00_AXI_inst/LFSR_0/Stages_LFSR_reg[25]_LDC cannot be properly analyzed as its control pin design_1_i/LFSR_AXI_64BIT_0/U0/LFSR_AXI_63BIT_v1_0_S00_AXI_inst/LFSR_0/Stages_LFSR_reg[25]_LDC/G is not reached by a timing clock
Related violations: <none>

TIMING-20#18 Warning
Non-clocked latch  
The latch design_1_i/LFSR_AXI_64BIT_0/U0/LFSR_AXI_63BIT_v1_0_S00_AXI_inst/LFSR_0/Stages_LFSR_reg[26]_LDC cannot be properly analyzed as its control pin design_1_i/LFSR_AXI_64BIT_0/U0/LFSR_AXI_63BIT_v1_0_S00_AXI_inst/LFSR_0/Stages_LFSR_reg[26]_LDC/G is not reached by a timing clock
Related violations: <none>

TIMING-20#19 Warning
Non-clocked latch  
The latch design_1_i/LFSR_AXI_64BIT_0/U0/LFSR_AXI_63BIT_v1_0_S00_AXI_inst/LFSR_0/Stages_LFSR_reg[27]_LDC cannot be properly analyzed as its control pin design_1_i/LFSR_AXI_64BIT_0/U0/LFSR_AXI_63BIT_v1_0_S00_AXI_inst/LFSR_0/Stages_LFSR_reg[27]_LDC/G is not reached by a timing clock
Related violations: <none>

TIMING-20#20 Warning
Non-clocked latch  
The latch design_1_i/LFSR_AXI_64BIT_0/U0/LFSR_AXI_63BIT_v1_0_S00_AXI_inst/LFSR_0/Stages_LFSR_reg[28]_LDC cannot be properly analyzed as its control pin design_1_i/LFSR_AXI_64BIT_0/U0/LFSR_AXI_63BIT_v1_0_S00_AXI_inst/LFSR_0/Stages_LFSR_reg[28]_LDC/G is not reached by a timing clock
Related violations: <none>

TIMING-20#21 Warning
Non-clocked latch  
The latch design_1_i/LFSR_AXI_64BIT_0/U0/LFSR_AXI_63BIT_v1_0_S00_AXI_inst/LFSR_0/Stages_LFSR_reg[29]_LDC cannot be properly analyzed as its control pin design_1_i/LFSR_AXI_64BIT_0/U0/LFSR_AXI_63BIT_v1_0_S00_AXI_inst/LFSR_0/Stages_LFSR_reg[29]_LDC/G is not reached by a timing clock
Related violations: <none>

TIMING-20#22 Warning
Non-clocked latch  
The latch design_1_i/LFSR_AXI_64BIT_0/U0/LFSR_AXI_63BIT_v1_0_S00_AXI_inst/LFSR_0/Stages_LFSR_reg[2]_LDC cannot be properly analyzed as its control pin design_1_i/LFSR_AXI_64BIT_0/U0/LFSR_AXI_63BIT_v1_0_S00_AXI_inst/LFSR_0/Stages_LFSR_reg[2]_LDC/G is not reached by a timing clock
Related violations: <none>

TIMING-20#23 Warning
Non-clocked latch  
The latch design_1_i/LFSR_AXI_64BIT_0/U0/LFSR_AXI_63BIT_v1_0_S00_AXI_inst/LFSR_0/Stages_LFSR_reg[30]_LDC cannot be properly analyzed as its control pin design_1_i/LFSR_AXI_64BIT_0/U0/LFSR_AXI_63BIT_v1_0_S00_AXI_inst/LFSR_0/Stages_LFSR_reg[30]_LDC/G is not reached by a timing clock
Related violations: <none>

TIMING-20#24 Warning
Non-clocked latch  
The latch design_1_i/LFSR_AXI_64BIT_0/U0/LFSR_AXI_63BIT_v1_0_S00_AXI_inst/LFSR_0/Stages_LFSR_reg[31]_LDC cannot be properly analyzed as its control pin design_1_i/LFSR_AXI_64BIT_0/U0/LFSR_AXI_63BIT_v1_0_S00_AXI_inst/LFSR_0/Stages_LFSR_reg[31]_LDC/G is not reached by a timing clock
Related violations: <none>

TIMING-20#25 Warning
Non-clocked latch  
The latch design_1_i/LFSR_AXI_64BIT_0/U0/LFSR_AXI_63BIT_v1_0_S00_AXI_inst/LFSR_0/Stages_LFSR_reg[32]_LDC cannot be properly analyzed as its control pin design_1_i/LFSR_AXI_64BIT_0/U0/LFSR_AXI_63BIT_v1_0_S00_AXI_inst/LFSR_0/Stages_LFSR_reg[32]_LDC/G is not reached by a timing clock
Related violations: <none>

TIMING-20#26 Warning
Non-clocked latch  
The latch design_1_i/LFSR_AXI_64BIT_0/U0/LFSR_AXI_63BIT_v1_0_S00_AXI_inst/LFSR_0/Stages_LFSR_reg[33]_LDC cannot be properly analyzed as its control pin design_1_i/LFSR_AXI_64BIT_0/U0/LFSR_AXI_63BIT_v1_0_S00_AXI_inst/LFSR_0/Stages_LFSR_reg[33]_LDC/G is not reached by a timing clock
Related violations: <none>

TIMING-20#27 Warning
Non-clocked latch  
The latch design_1_i/LFSR_AXI_64BIT_0/U0/LFSR_AXI_63BIT_v1_0_S00_AXI_inst/LFSR_0/Stages_LFSR_reg[34]_LDC cannot be properly analyzed as its control pin design_1_i/LFSR_AXI_64BIT_0/U0/LFSR_AXI_63BIT_v1_0_S00_AXI_inst/LFSR_0/Stages_LFSR_reg[34]_LDC/G is not reached by a timing clock
Related violations: <none>

TIMING-20#28 Warning
Non-clocked latch  
The latch design_1_i/LFSR_AXI_64BIT_0/U0/LFSR_AXI_63BIT_v1_0_S00_AXI_inst/LFSR_0/Stages_LFSR_reg[35]_LDC cannot be properly analyzed as its control pin design_1_i/LFSR_AXI_64BIT_0/U0/LFSR_AXI_63BIT_v1_0_S00_AXI_inst/LFSR_0/Stages_LFSR_reg[35]_LDC/G is not reached by a timing clock
Related violations: <none>

TIMING-20#29 Warning
Non-clocked latch  
The latch design_1_i/LFSR_AXI_64BIT_0/U0/LFSR_AXI_63BIT_v1_0_S00_AXI_inst/LFSR_0/Stages_LFSR_reg[36]_LDC cannot be properly analyzed as its control pin design_1_i/LFSR_AXI_64BIT_0/U0/LFSR_AXI_63BIT_v1_0_S00_AXI_inst/LFSR_0/Stages_LFSR_reg[36]_LDC/G is not reached by a timing clock
Related violations: <none>

TIMING-20#30 Warning
Non-clocked latch  
The latch design_1_i/LFSR_AXI_64BIT_0/U0/LFSR_AXI_63BIT_v1_0_S00_AXI_inst/LFSR_0/Stages_LFSR_reg[37]_LDC cannot be properly analyzed as its control pin design_1_i/LFSR_AXI_64BIT_0/U0/LFSR_AXI_63BIT_v1_0_S00_AXI_inst/LFSR_0/Stages_LFSR_reg[37]_LDC/G is not reached by a timing clock
Related violations: <none>

TIMING-20#31 Warning
Non-clocked latch  
The latch design_1_i/LFSR_AXI_64BIT_0/U0/LFSR_AXI_63BIT_v1_0_S00_AXI_inst/LFSR_0/Stages_LFSR_reg[38]_LDC cannot be properly analyzed as its control pin design_1_i/LFSR_AXI_64BIT_0/U0/LFSR_AXI_63BIT_v1_0_S00_AXI_inst/LFSR_0/Stages_LFSR_reg[38]_LDC/G is not reached by a timing clock
Related violations: <none>

TIMING-20#32 Warning
Non-clocked latch  
The latch design_1_i/LFSR_AXI_64BIT_0/U0/LFSR_AXI_63BIT_v1_0_S00_AXI_inst/LFSR_0/Stages_LFSR_reg[39]_LDC cannot be properly analyzed as its control pin design_1_i/LFSR_AXI_64BIT_0/U0/LFSR_AXI_63BIT_v1_0_S00_AXI_inst/LFSR_0/Stages_LFSR_reg[39]_LDC/G is not reached by a timing clock
Related violations: <none>

TIMING-20#33 Warning
Non-clocked latch  
The latch design_1_i/LFSR_AXI_64BIT_0/U0/LFSR_AXI_63BIT_v1_0_S00_AXI_inst/LFSR_0/Stages_LFSR_reg[3]_LDC cannot be properly analyzed as its control pin design_1_i/LFSR_AXI_64BIT_0/U0/LFSR_AXI_63BIT_v1_0_S00_AXI_inst/LFSR_0/Stages_LFSR_reg[3]_LDC/G is not reached by a timing clock
Related violations: <none>

TIMING-20#34 Warning
Non-clocked latch  
The latch design_1_i/LFSR_AXI_64BIT_0/U0/LFSR_AXI_63BIT_v1_0_S00_AXI_inst/LFSR_0/Stages_LFSR_reg[40]_LDC cannot be properly analyzed as its control pin design_1_i/LFSR_AXI_64BIT_0/U0/LFSR_AXI_63BIT_v1_0_S00_AXI_inst/LFSR_0/Stages_LFSR_reg[40]_LDC/G is not reached by a timing clock
Related violations: <none>

TIMING-20#35 Warning
Non-clocked latch  
The latch design_1_i/LFSR_AXI_64BIT_0/U0/LFSR_AXI_63BIT_v1_0_S00_AXI_inst/LFSR_0/Stages_LFSR_reg[41]_LDC cannot be properly analyzed as its control pin design_1_i/LFSR_AXI_64BIT_0/U0/LFSR_AXI_63BIT_v1_0_S00_AXI_inst/LFSR_0/Stages_LFSR_reg[41]_LDC/G is not reached by a timing clock
Related violations: <none>

TIMING-20#36 Warning
Non-clocked latch  
The latch design_1_i/LFSR_AXI_64BIT_0/U0/LFSR_AXI_63BIT_v1_0_S00_AXI_inst/LFSR_0/Stages_LFSR_reg[42]_LDC cannot be properly analyzed as its control pin design_1_i/LFSR_AXI_64BIT_0/U0/LFSR_AXI_63BIT_v1_0_S00_AXI_inst/LFSR_0/Stages_LFSR_reg[42]_LDC/G is not reached by a timing clock
Related violations: <none>

TIMING-20#37 Warning
Non-clocked latch  
The latch design_1_i/LFSR_AXI_64BIT_0/U0/LFSR_AXI_63BIT_v1_0_S00_AXI_inst/LFSR_0/Stages_LFSR_reg[43]_LDC cannot be properly analyzed as its control pin design_1_i/LFSR_AXI_64BIT_0/U0/LFSR_AXI_63BIT_v1_0_S00_AXI_inst/LFSR_0/Stages_LFSR_reg[43]_LDC/G is not reached by a timing clock
Related violations: <none>

TIMING-20#38 Warning
Non-clocked latch  
The latch design_1_i/LFSR_AXI_64BIT_0/U0/LFSR_AXI_63BIT_v1_0_S00_AXI_inst/LFSR_0/Stages_LFSR_reg[44]_LDC cannot be properly analyzed as its control pin design_1_i/LFSR_AXI_64BIT_0/U0/LFSR_AXI_63BIT_v1_0_S00_AXI_inst/LFSR_0/Stages_LFSR_reg[44]_LDC/G is not reached by a timing clock
Related violations: <none>

TIMING-20#39 Warning
Non-clocked latch  
The latch design_1_i/LFSR_AXI_64BIT_0/U0/LFSR_AXI_63BIT_v1_0_S00_AXI_inst/LFSR_0/Stages_LFSR_reg[45]_LDC cannot be properly analyzed as its control pin design_1_i/LFSR_AXI_64BIT_0/U0/LFSR_AXI_63BIT_v1_0_S00_AXI_inst/LFSR_0/Stages_LFSR_reg[45]_LDC/G is not reached by a timing clock
Related violations: <none>

TIMING-20#40 Warning
Non-clocked latch  
The latch design_1_i/LFSR_AXI_64BIT_0/U0/LFSR_AXI_63BIT_v1_0_S00_AXI_inst/LFSR_0/Stages_LFSR_reg[46]_LDC cannot be properly analyzed as its control pin design_1_i/LFSR_AXI_64BIT_0/U0/LFSR_AXI_63BIT_v1_0_S00_AXI_inst/LFSR_0/Stages_LFSR_reg[46]_LDC/G is not reached by a timing clock
Related violations: <none>

TIMING-20#41 Warning
Non-clocked latch  
The latch design_1_i/LFSR_AXI_64BIT_0/U0/LFSR_AXI_63BIT_v1_0_S00_AXI_inst/LFSR_0/Stages_LFSR_reg[47]_LDC cannot be properly analyzed as its control pin design_1_i/LFSR_AXI_64BIT_0/U0/LFSR_AXI_63BIT_v1_0_S00_AXI_inst/LFSR_0/Stages_LFSR_reg[47]_LDC/G is not reached by a timing clock
Related violations: <none>

TIMING-20#42 Warning
Non-clocked latch  
The latch design_1_i/LFSR_AXI_64BIT_0/U0/LFSR_AXI_63BIT_v1_0_S00_AXI_inst/LFSR_0/Stages_LFSR_reg[48]_LDC cannot be properly analyzed as its control pin design_1_i/LFSR_AXI_64BIT_0/U0/LFSR_AXI_63BIT_v1_0_S00_AXI_inst/LFSR_0/Stages_LFSR_reg[48]_LDC/G is not reached by a timing clock
Related violations: <none>

TIMING-20#43 Warning
Non-clocked latch  
The latch design_1_i/LFSR_AXI_64BIT_0/U0/LFSR_AXI_63BIT_v1_0_S00_AXI_inst/LFSR_0/Stages_LFSR_reg[49]_LDC cannot be properly analyzed as its control pin design_1_i/LFSR_AXI_64BIT_0/U0/LFSR_AXI_63BIT_v1_0_S00_AXI_inst/LFSR_0/Stages_LFSR_reg[49]_LDC/G is not reached by a timing clock
Related violations: <none>

TIMING-20#44 Warning
Non-clocked latch  
The latch design_1_i/LFSR_AXI_64BIT_0/U0/LFSR_AXI_63BIT_v1_0_S00_AXI_inst/LFSR_0/Stages_LFSR_reg[4]_LDC cannot be properly analyzed as its control pin design_1_i/LFSR_AXI_64BIT_0/U0/LFSR_AXI_63BIT_v1_0_S00_AXI_inst/LFSR_0/Stages_LFSR_reg[4]_LDC/G is not reached by a timing clock
Related violations: <none>

TIMING-20#45 Warning
Non-clocked latch  
The latch design_1_i/LFSR_AXI_64BIT_0/U0/LFSR_AXI_63BIT_v1_0_S00_AXI_inst/LFSR_0/Stages_LFSR_reg[50]_LDC cannot be properly analyzed as its control pin design_1_i/LFSR_AXI_64BIT_0/U0/LFSR_AXI_63BIT_v1_0_S00_AXI_inst/LFSR_0/Stages_LFSR_reg[50]_LDC/G is not reached by a timing clock
Related violations: <none>

TIMING-20#46 Warning
Non-clocked latch  
The latch design_1_i/LFSR_AXI_64BIT_0/U0/LFSR_AXI_63BIT_v1_0_S00_AXI_inst/LFSR_0/Stages_LFSR_reg[51]_LDC cannot be properly analyzed as its control pin design_1_i/LFSR_AXI_64BIT_0/U0/LFSR_AXI_63BIT_v1_0_S00_AXI_inst/LFSR_0/Stages_LFSR_reg[51]_LDC/G is not reached by a timing clock
Related violations: <none>

TIMING-20#47 Warning
Non-clocked latch  
The latch design_1_i/LFSR_AXI_64BIT_0/U0/LFSR_AXI_63BIT_v1_0_S00_AXI_inst/LFSR_0/Stages_LFSR_reg[52]_LDC cannot be properly analyzed as its control pin design_1_i/LFSR_AXI_64BIT_0/U0/LFSR_AXI_63BIT_v1_0_S00_AXI_inst/LFSR_0/Stages_LFSR_reg[52]_LDC/G is not reached by a timing clock
Related violations: <none>

TIMING-20#48 Warning
Non-clocked latch  
The latch design_1_i/LFSR_AXI_64BIT_0/U0/LFSR_AXI_63BIT_v1_0_S00_AXI_inst/LFSR_0/Stages_LFSR_reg[53]_LDC cannot be properly analyzed as its control pin design_1_i/LFSR_AXI_64BIT_0/U0/LFSR_AXI_63BIT_v1_0_S00_AXI_inst/LFSR_0/Stages_LFSR_reg[53]_LDC/G is not reached by a timing clock
Related violations: <none>

TIMING-20#49 Warning
Non-clocked latch  
The latch design_1_i/LFSR_AXI_64BIT_0/U0/LFSR_AXI_63BIT_v1_0_S00_AXI_inst/LFSR_0/Stages_LFSR_reg[54]_LDC cannot be properly analyzed as its control pin design_1_i/LFSR_AXI_64BIT_0/U0/LFSR_AXI_63BIT_v1_0_S00_AXI_inst/LFSR_0/Stages_LFSR_reg[54]_LDC/G is not reached by a timing clock
Related violations: <none>

TIMING-20#50 Warning
Non-clocked latch  
The latch design_1_i/LFSR_AXI_64BIT_0/U0/LFSR_AXI_63BIT_v1_0_S00_AXI_inst/LFSR_0/Stages_LFSR_reg[55]_LDC cannot be properly analyzed as its control pin design_1_i/LFSR_AXI_64BIT_0/U0/LFSR_AXI_63BIT_v1_0_S00_AXI_inst/LFSR_0/Stages_LFSR_reg[55]_LDC/G is not reached by a timing clock
Related violations: <none>

TIMING-20#51 Warning
Non-clocked latch  
The latch design_1_i/LFSR_AXI_64BIT_0/U0/LFSR_AXI_63BIT_v1_0_S00_AXI_inst/LFSR_0/Stages_LFSR_reg[56]_LDC cannot be properly analyzed as its control pin design_1_i/LFSR_AXI_64BIT_0/U0/LFSR_AXI_63BIT_v1_0_S00_AXI_inst/LFSR_0/Stages_LFSR_reg[56]_LDC/G is not reached by a timing clock
Related violations: <none>

TIMING-20#52 Warning
Non-clocked latch  
The latch design_1_i/LFSR_AXI_64BIT_0/U0/LFSR_AXI_63BIT_v1_0_S00_AXI_inst/LFSR_0/Stages_LFSR_reg[57]_LDC cannot be properly analyzed as its control pin design_1_i/LFSR_AXI_64BIT_0/U0/LFSR_AXI_63BIT_v1_0_S00_AXI_inst/LFSR_0/Stages_LFSR_reg[57]_LDC/G is not reached by a timing clock
Related violations: <none>

TIMING-20#53 Warning
Non-clocked latch  
The latch design_1_i/LFSR_AXI_64BIT_0/U0/LFSR_AXI_63BIT_v1_0_S00_AXI_inst/LFSR_0/Stages_LFSR_reg[58]_LDC cannot be properly analyzed as its control pin design_1_i/LFSR_AXI_64BIT_0/U0/LFSR_AXI_63BIT_v1_0_S00_AXI_inst/LFSR_0/Stages_LFSR_reg[58]_LDC/G is not reached by a timing clock
Related violations: <none>

TIMING-20#54 Warning
Non-clocked latch  
The latch design_1_i/LFSR_AXI_64BIT_0/U0/LFSR_AXI_63BIT_v1_0_S00_AXI_inst/LFSR_0/Stages_LFSR_reg[59]_LDC cannot be properly analyzed as its control pin design_1_i/LFSR_AXI_64BIT_0/U0/LFSR_AXI_63BIT_v1_0_S00_AXI_inst/LFSR_0/Stages_LFSR_reg[59]_LDC/G is not reached by a timing clock
Related violations: <none>

TIMING-20#55 Warning
Non-clocked latch  
The latch design_1_i/LFSR_AXI_64BIT_0/U0/LFSR_AXI_63BIT_v1_0_S00_AXI_inst/LFSR_0/Stages_LFSR_reg[5]_LDC cannot be properly analyzed as its control pin design_1_i/LFSR_AXI_64BIT_0/U0/LFSR_AXI_63BIT_v1_0_S00_AXI_inst/LFSR_0/Stages_LFSR_reg[5]_LDC/G is not reached by a timing clock
Related violations: <none>

TIMING-20#56 Warning
Non-clocked latch  
The latch design_1_i/LFSR_AXI_64BIT_0/U0/LFSR_AXI_63BIT_v1_0_S00_AXI_inst/LFSR_0/Stages_LFSR_reg[60]_LDC cannot be properly analyzed as its control pin design_1_i/LFSR_AXI_64BIT_0/U0/LFSR_AXI_63BIT_v1_0_S00_AXI_inst/LFSR_0/Stages_LFSR_reg[60]_LDC/G is not reached by a timing clock
Related violations: <none>

TIMING-20#57 Warning
Non-clocked latch  
The latch design_1_i/LFSR_AXI_64BIT_0/U0/LFSR_AXI_63BIT_v1_0_S00_AXI_inst/LFSR_0/Stages_LFSR_reg[61]_LDC cannot be properly analyzed as its control pin design_1_i/LFSR_AXI_64BIT_0/U0/LFSR_AXI_63BIT_v1_0_S00_AXI_inst/LFSR_0/Stages_LFSR_reg[61]_LDC/G is not reached by a timing clock
Related violations: <none>

TIMING-20#58 Warning
Non-clocked latch  
The latch design_1_i/LFSR_AXI_64BIT_0/U0/LFSR_AXI_63BIT_v1_0_S00_AXI_inst/LFSR_0/Stages_LFSR_reg[62]_LDC cannot be properly analyzed as its control pin design_1_i/LFSR_AXI_64BIT_0/U0/LFSR_AXI_63BIT_v1_0_S00_AXI_inst/LFSR_0/Stages_LFSR_reg[62]_LDC/G is not reached by a timing clock
Related violations: <none>

TIMING-20#59 Warning
Non-clocked latch  
The latch design_1_i/LFSR_AXI_64BIT_0/U0/LFSR_AXI_63BIT_v1_0_S00_AXI_inst/LFSR_0/Stages_LFSR_reg[63]_LDC cannot be properly analyzed as its control pin design_1_i/LFSR_AXI_64BIT_0/U0/LFSR_AXI_63BIT_v1_0_S00_AXI_inst/LFSR_0/Stages_LFSR_reg[63]_LDC/G is not reached by a timing clock
Related violations: <none>

TIMING-20#60 Warning
Non-clocked latch  
The latch design_1_i/LFSR_AXI_64BIT_0/U0/LFSR_AXI_63BIT_v1_0_S00_AXI_inst/LFSR_0/Stages_LFSR_reg[64]_LDC cannot be properly analyzed as its control pin design_1_i/LFSR_AXI_64BIT_0/U0/LFSR_AXI_63BIT_v1_0_S00_AXI_inst/LFSR_0/Stages_LFSR_reg[64]_LDC/G is not reached by a timing clock
Related violations: <none>

TIMING-20#61 Warning
Non-clocked latch  
The latch design_1_i/LFSR_AXI_64BIT_0/U0/LFSR_AXI_63BIT_v1_0_S00_AXI_inst/LFSR_0/Stages_LFSR_reg[6]_LDC cannot be properly analyzed as its control pin design_1_i/LFSR_AXI_64BIT_0/U0/LFSR_AXI_63BIT_v1_0_S00_AXI_inst/LFSR_0/Stages_LFSR_reg[6]_LDC/G is not reached by a timing clock
Related violations: <none>

TIMING-20#62 Warning
Non-clocked latch  
The latch design_1_i/LFSR_AXI_64BIT_0/U0/LFSR_AXI_63BIT_v1_0_S00_AXI_inst/LFSR_0/Stages_LFSR_reg[7]_LDC cannot be properly analyzed as its control pin design_1_i/LFSR_AXI_64BIT_0/U0/LFSR_AXI_63BIT_v1_0_S00_AXI_inst/LFSR_0/Stages_LFSR_reg[7]_LDC/G is not reached by a timing clock
Related violations: <none>

TIMING-20#63 Warning
Non-clocked latch  
The latch design_1_i/LFSR_AXI_64BIT_0/U0/LFSR_AXI_63BIT_v1_0_S00_AXI_inst/LFSR_0/Stages_LFSR_reg[8]_LDC cannot be properly analyzed as its control pin design_1_i/LFSR_AXI_64BIT_0/U0/LFSR_AXI_63BIT_v1_0_S00_AXI_inst/LFSR_0/Stages_LFSR_reg[8]_LDC/G is not reached by a timing clock
Related violations: <none>

TIMING-20#64 Warning
Non-clocked latch  
The latch design_1_i/LFSR_AXI_64BIT_0/U0/LFSR_AXI_63BIT_v1_0_S00_AXI_inst/LFSR_0/Stages_LFSR_reg[9]_LDC cannot be properly analyzed as its control pin design_1_i/LFSR_AXI_64BIT_0/U0/LFSR_AXI_63BIT_v1_0_S00_AXI_inst/LFSR_0/Stages_LFSR_reg[9]_LDC/G is not reached by a timing clock
Related violations: <none>


